Component: ARM Compiler 5.06 update 7 (build 960) Tool: armlink [4d3601]

==============================================================================

Section Cross References

    startup.o(STACK) refers (Special) to heapauxi.o(.text) for __use_two_region_memory
    startup.o(HEAP) refers (Special) to heapauxi.o(.text) for __use_two_region_memory
    startup.o(RESET) refers (Special) to heapauxi.o(.text) for __use_two_region_memory
    startup.o(RESET) refers to startup.o(STACK) for StackMem
    startup.o(RESET) refers to sound.o(i.SysTick_Handler) for SysTick_Handler
    startup.o(RESET) refers to uart.o(.text) for UART0_Handler
    startup.o(RESET) refers to timer3a.o(i.Timer3A_Handler) for Timer3A_Handler
    startup.o(RESET) refers to lab6grader.o(i.Timer5A_Handler) for Timer5A_Handler
    startup.o(RESET) refers to __main.o(!!!main) for __main
    startup.o(.text) refers (Special) to heapauxi.o(.text) for __use_two_region_memory
    startup.o(.text) refers to startup.o(HEAP) for HeapMem
    startup.o(.text) refers to startup.o(STACK) for StackMem
    lab6grader.o(i.CheckClock) refers to lab6grader.o(.constdata) for ports
    lab6grader.o(i.CheckClock) refers to lab6grader.o(.data) for PortMode
    lab6grader.o(i.CheckInitialization) refers to uart.o(.text) for UART_OutString
    lab6grader.o(i.CheckInitialization) refers to lab6grader.o(i.CheckClock) for CheckClock
    lab6grader.o(i.CheckInitialization) refers to lab6grader.o(.data) for Fail
    lab6grader.o(i.CheckInitialization) refers to lab6grader.o(.constdata) for ports
    lab6grader.o(i.FFT) refers to lab6grader.o(.bss) for Last16ADCresults
    lab6grader.o(i.FFT) refers to lab6grader.o(.constdata) for RMULTIPLIERS
    lab6grader.o(i.Lab6Grader) refers to uart.o(.text) for UART_OutString
    lab6grader.o(i.Lab6Grader) refers to lab6grader.o(i.OutCRLF) for OutCRLF
    lab6grader.o(i.Lab6Grader) refers to timer3a.o(i.Timer3A_Stop) for Timer3A_Stop
    lab6grader.o(i.Lab6Grader) refers to lab6grader.o(i.ReadOutput) for ReadOutput
    lab6grader.o(i.Lab6Grader) refers to lab6grader.o(i.CheckInitialization) for CheckInitialization
    lab6grader.o(i.Lab6Grader) refers to lab6grader.o(i.ReadInput) for ReadInput
    lab6grader.o(i.Lab6Grader) refers to lab6grader.o(i.FFT) for FFT
    lab6grader.o(i.Lab6Grader) refers to lab6grader.o(.data) for Fail
    lab6grader.o(i.Lab6Grader) refers to lab6grader.o(.bss) for Last16ADCresults
    lab6grader.o(i.Lab6Grader) refers to lab6grader.o(.constdata) for NotesPeriod
    lab6grader.o(i.OutCRLF) refers to uart.o(.text) for UART_OutChar
    lab6grader.o(i.OutCRLF0) refers to lab6grader.o(i.UART0_OutChar) for UART0_OutChar
    lab6grader.o(i.OutNotesProblem) refers to lab6grader.o(i.UART0_OutString) for UART0_OutString
    lab6grader.o(i.OutNotesProblem) refers to lab6grader.o(i.OutCRLF0) for OutCRLF0
    lab6grader.o(i.OutNotesProblem) refers to lab6grader.o(.data) for NotesMode
    lab6grader.o(i.OutNotesProblem) refers to lab6grader.o(.constdata) for NotesProblem
    lab6grader.o(i.PeriodicTask2_Init) refers to lab6grader.o(.data) for PeriodicTask2
    lab6grader.o(i.Random) refers to lab6grader.o(i.Random32) for Random32
    lab6grader.o(i.Random32) refers to lab6grader.o(.data) for M
    lab6grader.o(i.Random6) refers to lab6grader.o(.data) for M6
    lab6grader.o(i.ReadInput) refers to lab6grader.o(i.CheckClock) for CheckClock
    lab6grader.o(i.ReadInput) refers to uart.o(.text) for UART_OutString
    lab6grader.o(i.ReadInput) refers to lab6grader.o(.constdata) for ports
    lab6grader.o(i.ReadInput) refers to lab6grader.o(.data) for PortMode
    lab6grader.o(i.ReadOutput) refers to lab6grader.o(i.CheckClock) for CheckClock
    lab6grader.o(i.ReadOutput) refers to uart.o(.text) for UART_OutString
    lab6grader.o(i.ReadOutput) refers to lab6grader.o(.constdata) for ports
    lab6grader.o(i.ReadOutput) refers to lab6grader.o(.data) for PortMode
    lab6grader.o(i.TExaS_Init) refers to startup.o(.text) for DisableInterrupts
    lab6grader.o(i.TExaS_Init) refers to pll.o(i.PLL_Init) for PLL_Init
    lab6grader.o(i.TExaS_Init) refers to lab6grader.o(i.UART0_Init) for UART0_Init
    lab6grader.o(i.TExaS_Init) refers to lab6grader.o(i.UART0_OutString) for UART0_OutString
    lab6grader.o(i.TExaS_Init) refers to strcmpv7m.o(.text) for strcmp
    lab6grader.o(i.TExaS_Init) refers to lab6grader.o(i.setUpper) for setUpper
    lab6grader.o(i.TExaS_Init) refers to lab6grader.o(i.Random32) for Random32
    lab6grader.o(i.TExaS_Init) refers to lab6grader.o(i.UART0_OutChar) for UART0_OutChar
    lab6grader.o(i.TExaS_Init) refers to lab6grader.o(i.OutCRLF0) for OutCRLF0
    lab6grader.o(i.TExaS_Init) refers to lab6grader.o(i.PeriodicTask2_Init) for PeriodicTask2_Init
    lab6grader.o(i.TExaS_Init) refers to lab6grader.o(i.ADC1_Init) for ADC1_Init
    lab6grader.o(i.TExaS_Init) refers to uart.o(.text) for UART_Init
    lab6grader.o(i.TExaS_Init) refers to timer3a.o(i.Timer3A_Init) for Timer3A_Init
    lab6grader.o(i.TExaS_Init) refers to lab6grader.o(.data) for M
    lab6grader.o(i.TExaS_Init) refers to lab6.o(.data) for EID1
    lab6grader.o(i.TExaS_Init) refers to lab6grader.o(.constdata) for PortProblem
    lab6grader.o(i.TExaS_Init) refers to lab6grader.o(i.LogicAnalyzerA) for LogicAnalyzerA
    lab6grader.o(i.TExaS_Init) refers to lab6grader.o(i.LogicAnalyzerB) for LogicAnalyzerB
    lab6grader.o(i.TExaS_Init) refers to lab6grader.o(i.LogicAnalyzerC) for LogicAnalyzerC
    lab6grader.o(i.TExaS_Init) refers to lab6grader.o(i.LogicAnalyzerE) for LogicAnalyzerE
    lab6grader.o(i.TExaS_Init) refers to lab6grader.o(i.Scope) for Scope
    lab6grader.o(i.TExaS_Init) refers to lab6grader.o(i.Lab6Grader) for Lab6Grader
    lab6grader.o(i.TExaS_Stop) refers to lab6grader.o(i.PeriodicTask2_Stop) for PeriodicTask2_Stop
    lab6grader.o(i.Timer5A_Handler) refers to lab6grader.o(.data) for PeriodicTask2
    lab6grader.o(i.UART0_OutString) refers to lab6grader.o(i.UART0_OutChar) for UART0_OutChar
    sound.o(i.Sound_Init) refers to dac.o(i.DAC_Init) for DAC_Init
    sound.o(i.SysTick_Handler) refers to dac.o(i.DAC_Out) for DAC_Out
    sound.o(i.SysTick_Handler) refers to sound.o(.constdata) for wave
    sound.o(i.SysTick_Handler) refers to sound.o(.data) for i
    lab6.o(i.main) refers to startup.o(.text) for DisableInterrupts
    lab6.o(i.main) refers to lab6grader.o(i.TExaS_Init) for TExaS_Init
    lab6.o(i.main) refers to key.o(i.Key_Init) for Key_Init
    lab6.o(i.main) refers to key.o(i.LaunchPad_Init) for LaunchPad_Init
    lab6.o(i.main) refers to sound.o(i.Sound_Init) for Sound_Init
    lab6.o(i.main) refers to music.o(i.Music_Init) for Music_Init
    lab6.o(i.main) refers to key.o(i.Key_In) for Key_In
    lab6.o(i.main) refers to sound.o(i.Sound_Start) for Sound_Start
    lab6.o(i.main) refers to sound.o(i.Sound_Off) for Sound_Off
    lab6.o(i.staticmain) refers to startup.o(.text) for DisableInterrupts
    lab6.o(i.staticmain) refers to lab6grader.o(i.TExaS_Init) for TExaS_Init
    lab6.o(i.staticmain) refers to key.o(i.LaunchPad_Init) for LaunchPad_Init
    lab6.o(i.staticmain) refers to dac.o(i.DAC_Init) for DAC_Init
    lab6.o(i.staticmain) refers to key.o(i.LaunchPad_Input) for LaunchPad_Input
    lab6.o(i.staticmain) refers to dac.o(i.DAC_Out) for DAC_Out
    lab6.o(i.staticmain) refers to lab6.o(i.DelayMs) for DelayMs
    lab6.o(i.staticmain) refers to lab6.o(.constdata) for Inputs
    lab6.o(i.staticmain) refers to lab6.o(.data) for Testdata
    timer3a.o(i.Timer3A_Handler) refers to timer3a.o(.data) for PeriodicTask3
    timer3a.o(i.Timer3A_Init) refers to timer3a.o(.data) for PeriodicTask3
    uart.o(.text) refers to startup.o(.text) for StartCritical
    uart.o(.text) refers to uart.o(.data) for RxGetI
    uart.o(.text) refers to uart.o(.bss) for RxFifo
    __main.o(!!!main) refers to __rtentry.o(.ARM.Collect$$rtentry$$00000000) for __rt_entry
    __rtentry.o(.ARM.Collect$$rtentry$$00000000) refers (Special) to __rtentry2.o(.ARM.Collect$$rtentry$$0000000A) for __rt_entry_li
    __rtentry.o(.ARM.Collect$$rtentry$$00000000) refers (Special) to __rtentry2.o(.ARM.Collect$$rtentry$$0000000D) for __rt_entry_main
    __rtentry.o(.ARM.Collect$$rtentry$$00000000) refers (Special) to __rtentry2.o(.ARM.Collect$$rtentry$$0000000C) for __rt_entry_postli_1
    __rtentry.o(.ARM.Collect$$rtentry$$00000000) refers (Special) to __rtentry2.o(.ARM.Collect$$rtentry$$00000009) for __rt_entry_postsh_1
    __rtentry.o(.ARM.Collect$$rtentry$$00000000) refers (Special) to __rtentry2.o(.ARM.Collect$$rtentry$$00000002) for __rt_entry_presh_1
    __rtentry.o(.ARM.Collect$$rtentry$$00000000) refers (Special) to __rtentry4.o(.ARM.Collect$$rtentry$$00000004) for __rt_entry_sh
    __rtentry2.o(.ARM.Collect$$rtentry$$00000008) refers to boardinit2.o(.text) for _platform_post_stackheap_init
    __rtentry2.o(.ARM.Collect$$rtentry$$0000000A) refers to libinit.o(.ARM.Collect$$libinit$$00000000) for __rt_lib_init
    __rtentry2.o(.ARM.Collect$$rtentry$$0000000B) refers to boardinit3.o(.text) for _platform_post_lib_init
    __rtentry2.o(.ARM.Collect$$rtentry$$0000000D) refers to lab6.o(i.main) for main
    __rtentry2.o(.ARM.Collect$$rtentry$$0000000D) refers to exit.o(.text) for exit
    __rtentry2.o(.ARM.exidx) refers to __rtentry2.o(.ARM.Collect$$rtentry$$00000001) for .ARM.Collect$$rtentry$$00000001
    __rtentry2.o(.ARM.exidx) refers to __rtentry2.o(.ARM.Collect$$rtentry$$00000008) for .ARM.Collect$$rtentry$$00000008
    __rtentry2.o(.ARM.exidx) refers to __rtentry2.o(.ARM.Collect$$rtentry$$0000000A) for .ARM.Collect$$rtentry$$0000000A
    __rtentry2.o(.ARM.exidx) refers to __rtentry2.o(.ARM.Collect$$rtentry$$0000000B) for .ARM.Collect$$rtentry$$0000000B
    __rtentry2.o(.ARM.exidx) refers to __rtentry2.o(.ARM.Collect$$rtentry$$0000000D) for .ARM.Collect$$rtentry$$0000000D
    __rtentry4.o(.ARM.Collect$$rtentry$$00000004) refers to sys_stackheap_outer.o(.text) for __user_setup_stackheap
    __rtentry4.o(.ARM.exidx) refers to __rtentry4.o(.ARM.Collect$$rtentry$$00000004) for .ARM.Collect$$rtentry$$00000004
    sys_stackheap_outer.o(.text) refers to libspace.o(.text) for __user_perproc_libspace
    sys_stackheap_outer.o(.text) refers to startup.o(.text) for __user_initial_stackheap
    exit.o(.text) refers to rtexit.o(.ARM.Collect$$rtexit$$00000000) for __rt_exit
    libinit.o(.ARM.Collect$$libinit$$00000000) refers (Special) to libinit2.o(.ARM.Collect$$libinit$$0000002E) for __rt_lib_init_alloca_1
    libinit.o(.ARM.Collect$$libinit$$00000000) refers (Special) to libinit2.o(.ARM.Collect$$libinit$$0000002C) for __rt_lib_init_argv_1
    libinit.o(.ARM.Collect$$libinit$$00000000) refers (Special) to libinit2.o(.ARM.Collect$$libinit$$0000001B) for __rt_lib_init_atexit_1
    libinit.o(.ARM.Collect$$libinit$$00000000) refers (Special) to libinit2.o(.ARM.Collect$$libinit$$00000021) for __rt_lib_init_clock_1
    libinit.o(.ARM.Collect$$libinit$$00000000) refers (Special) to libinit2.o(.ARM.Collect$$libinit$$00000032) for __rt_lib_init_cpp_1
    libinit.o(.ARM.Collect$$libinit$$00000000) refers (Special) to libinit2.o(.ARM.Collect$$libinit$$00000030) for __rt_lib_init_exceptions_1
    libinit.o(.ARM.Collect$$libinit$$00000000) refers (Special) to libinit2.o(.ARM.Collect$$libinit$$00000002) for __rt_lib_init_fp_1
    libinit.o(.ARM.Collect$$libinit$$00000000) refers (Special) to libinit2.o(.ARM.Collect$$libinit$$0000001F) for __rt_lib_init_fp_trap_1
    libinit.o(.ARM.Collect$$libinit$$00000000) refers (Special) to libinit2.o(.ARM.Collect$$libinit$$00000023) for __rt_lib_init_getenv_1
    libinit.o(.ARM.Collect$$libinit$$00000000) refers (Special) to libinit2.o(.ARM.Collect$$libinit$$0000000A) for __rt_lib_init_heap_1
    libinit.o(.ARM.Collect$$libinit$$00000000) refers (Special) to libinit2.o(.ARM.Collect$$libinit$$00000011) for __rt_lib_init_lc_collate_1
    libinit.o(.ARM.Collect$$libinit$$00000000) refers (Special) to libinit2.o(.ARM.Collect$$libinit$$00000013) for __rt_lib_init_lc_ctype_1
    libinit.o(.ARM.Collect$$libinit$$00000000) refers (Special) to libinit2.o(.ARM.Collect$$libinit$$00000015) for __rt_lib_init_lc_monetary_1
    libinit.o(.ARM.Collect$$libinit$$00000000) refers (Special) to libinit2.o(.ARM.Collect$$libinit$$00000017) for __rt_lib_init_lc_numeric_1
    libinit.o(.ARM.Collect$$libinit$$00000000) refers (Special) to libinit2.o(.ARM.Collect$$libinit$$00000019) for __rt_lib_init_lc_time_1
    libinit.o(.ARM.Collect$$libinit$$00000000) refers (Special) to libinit2.o(.ARM.Collect$$libinit$$00000004) for __rt_lib_init_preinit_1
    libinit.o(.ARM.Collect$$libinit$$00000000) refers (Special) to libinit2.o(.ARM.Collect$$libinit$$0000000E) for __rt_lib_init_rand_1
    libinit.o(.ARM.Collect$$libinit$$00000000) refers (Special) to libinit2.o(.ARM.Collect$$libinit$$00000033) for __rt_lib_init_return
    libinit.o(.ARM.Collect$$libinit$$00000000) refers (Special) to libinit2.o(.ARM.Collect$$libinit$$0000001D) for __rt_lib_init_signal_1
    libinit.o(.ARM.Collect$$libinit$$00000000) refers (Special) to libinit2.o(.ARM.Collect$$libinit$$00000025) for __rt_lib_init_stdio_1
    libinit.o(.ARM.Collect$$libinit$$00000000) refers (Special) to libinit2.o(.ARM.Collect$$libinit$$0000000C) for __rt_lib_init_user_alloc_1
    libspace.o(.text) refers to libspace.o(.bss) for __libspace_start
    rtexit.o(.ARM.Collect$$rtexit$$00000000) refers (Special) to rtexit2.o(.ARM.Collect$$rtexit$$00000004) for __rt_exit_exit
    rtexit.o(.ARM.Collect$$rtexit$$00000000) refers (Special) to rtexit2.o(.ARM.Collect$$rtexit$$00000003) for __rt_exit_ls
    rtexit.o(.ARM.Collect$$rtexit$$00000000) refers (Special) to rtexit2.o(.ARM.Collect$$rtexit$$00000002) for __rt_exit_prels_1
    rtexit.o(.ARM.exidx) refers (Special) to rtexit2.o(.ARM.Collect$$rtexit$$00000004) for __rt_exit_exit
    rtexit.o(.ARM.exidx) refers (Special) to rtexit2.o(.ARM.Collect$$rtexit$$00000003) for __rt_exit_ls
    rtexit.o(.ARM.exidx) refers (Special) to rtexit2.o(.ARM.Collect$$rtexit$$00000002) for __rt_exit_prels_1
    rtexit.o(.ARM.exidx) refers to rtexit.o(.ARM.Collect$$rtexit$$00000000) for .ARM.Collect$$rtexit$$00000000
    libinit2.o(.ARM.Collect$$libinit$$00000010) refers to libinit2.o(.ARM.Collect$$libinit$$0000000F) for .ARM.Collect$$libinit$$0000000F
    libinit2.o(.ARM.Collect$$libinit$$00000012) refers to libinit2.o(.ARM.Collect$$libinit$$0000000F) for .ARM.Collect$$libinit$$0000000F
    libinit2.o(.ARM.Collect$$libinit$$00000014) refers to libinit2.o(.ARM.Collect$$libinit$$0000000F) for .ARM.Collect$$libinit$$0000000F
    libinit2.o(.ARM.Collect$$libinit$$00000016) refers to libinit2.o(.ARM.Collect$$libinit$$0000000F) for .ARM.Collect$$libinit$$0000000F
    libinit2.o(.ARM.Collect$$libinit$$00000018) refers to libinit2.o(.ARM.Collect$$libinit$$0000000F) for .ARM.Collect$$libinit$$0000000F
    libinit2.o(.ARM.Collect$$libinit$$00000026) refers to argv_veneer.o(.emb_text) for __ARM_argv_veneer
    libinit2.o(.ARM.Collect$$libinit$$00000027) refers to argv_veneer.o(.emb_text) for __ARM_argv_veneer
    rtexit2.o(.ARM.Collect$$rtexit$$00000003) refers to libshutdown.o(.ARM.Collect$$libshutdown$$00000000) for __rt_lib_shutdown
    rtexit2.o(.ARM.Collect$$rtexit$$00000004) refers to sys_exit.o(.text) for _sys_exit
    rtexit2.o(.ARM.exidx) refers to rtexit2.o(.ARM.Collect$$rtexit$$00000001) for .ARM.Collect$$rtexit$$00000001
    rtexit2.o(.ARM.exidx) refers to rtexit2.o(.ARM.Collect$$rtexit$$00000003) for .ARM.Collect$$rtexit$$00000003
    rtexit2.o(.ARM.exidx) refers to rtexit2.o(.ARM.Collect$$rtexit$$00000004) for .ARM.Collect$$rtexit$$00000004
    argv_veneer.o(.emb_text) refers to no_argv.o(.text) for __ARM_get_argv
    sys_exit.o(.text) refers (Special) to use_no_semi.o(.text) for __I$use$semihosting
    sys_exit.o(.text) refers (Special) to indicate_semi.o(.text) for __semihosting_library_function
    _get_argv_nomalloc.o(.text) refers (Special) to hrguard.o(.text) for __heap_region$guard
    _get_argv_nomalloc.o(.text) refers to defsig_rtmem_outer.o(.text) for __rt_SIGRTMEM
    _get_argv_nomalloc.o(.text) refers to sys_command.o(.text) for _sys_command_string
    libshutdown.o(.ARM.Collect$$libshutdown$$00000000) refers (Special) to libshutdown2.o(.ARM.Collect$$libshutdown$$00000004) for __rt_lib_shutdown_cpp_1
    libshutdown.o(.ARM.Collect$$libshutdown$$00000000) refers (Special) to libshutdown2.o(.ARM.Collect$$libshutdown$$00000002) for __rt_lib_shutdown_fini_1
    libshutdown.o(.ARM.Collect$$libshutdown$$00000000) refers (Special) to libshutdown2.o(.ARM.Collect$$libshutdown$$00000009) for __rt_lib_shutdown_fp_trap_1
    libshutdown.o(.ARM.Collect$$libshutdown$$00000000) refers (Special) to libshutdown2.o(.ARM.Collect$$libshutdown$$00000011) for __rt_lib_shutdown_heap_1
    libshutdown.o(.ARM.Collect$$libshutdown$$00000000) refers (Special) to libshutdown2.o(.ARM.Collect$$libshutdown$$00000012) for __rt_lib_shutdown_return
    libshutdown.o(.ARM.Collect$$libshutdown$$00000000) refers (Special) to libshutdown2.o(.ARM.Collect$$libshutdown$$0000000C) for __rt_lib_shutdown_signal_1
    libshutdown.o(.ARM.Collect$$libshutdown$$00000000) refers (Special) to libshutdown2.o(.ARM.Collect$$libshutdown$$00000006) for __rt_lib_shutdown_stdio_1
    libshutdown.o(.ARM.Collect$$libshutdown$$00000000) refers (Special) to libshutdown2.o(.ARM.Collect$$libshutdown$$0000000E) for __rt_lib_shutdown_user_alloc_1
    sys_command.o(.text) refers (Special) to use_no_semi.o(.text) for __I$use$semihosting
    sys_command.o(.text) refers (Special) to indicate_semi.o(.text) for __semihosting_library_function
    defsig_rtmem_outer.o(.text) refers to defsig_rtmem_inner.o(.text) for __rt_SIGRTMEM_inner
    defsig_rtmem_outer.o(.text) refers to defsig_exit.o(.text) for __sig_exit
    defsig_rtmem_formal.o(.text) refers to rt_raise.o(.text) for __rt_raise
    rt_raise.o(.text) refers to __raise.o(.text) for __raise
    rt_raise.o(.text) refers to sys_exit.o(.text) for _sys_exit
    defsig_exit.o(.text) refers to sys_exit.o(.text) for _sys_exit
    defsig_rtmem_inner.o(.text) refers to defsig_general.o(.text) for __default_signal_display
    __raise.o(.text) refers to defsig.o(CL$$defsig) for __default_signal_handler
    defsig_general.o(.text) refers to sys_wrch.o(.text) for _ttywrch
    sys_wrch.o(.text) refers (Special) to use_no_semi.o(.text) for __I$use$semihosting
    sys_wrch.o(.text) refers (Special) to indicate_semi.o(.text) for __semihosting_library_function
    defsig.o(CL$$defsig) refers to defsig_rtmem_inner.o(.text) for __rt_SIGRTMEM_inner
    defsig_abrt_inner.o(.text) refers to defsig_general.o(.text) for __default_signal_display
    defsig_fpe_inner.o(.text) refers to defsig_general.o(.text) for __default_signal_display
    defsig_rtred_inner.o(.text) refers to defsig_general.o(.text) for __default_signal_display
    defsig_stak_inner.o(.text) refers to defsig_general.o(.text) for __default_signal_display
    defsig_pvfn_inner.o(.text) refers to defsig_general.o(.text) for __default_signal_display
    defsig_cppl_inner.o(.text) refers to defsig_general.o(.text) for __default_signal_display
    defsig_segv_inner.o(.text) refers to defsig_general.o(.text) for __default_signal_display
    defsig_other.o(.text) refers to defsig_general.o(.text) for __default_signal_display


==============================================================================

Removing Unused input sections from the image.

    Removing lab6grader.o(i.OutNotesProblem), (36 bytes).
    Removing lab6grader.o(i.PeriodicTask2_Stop), (36 bytes).
    Removing lab6grader.o(i.Random), (20 bytes).
    Removing lab6grader.o(i.Random6), (36 bytes).
    Removing lab6grader.o(i.TExaS_Stop), (8 bytes).
    Removing lab6grader.o(i.UART0_InChar), (28 bytes).
    Removing sound.o(i.Sound_GetVoice), (4 bytes).
    Removing sound.o(i.Sound_Voice), (2 bytes).
    Removing key.o(i.LaunchPad_Input), (4 bytes).
    Removing key.o(i.LaunchPad_Output), (2 bytes).
    Removing music.o(i.Music_PlaySong), (2 bytes).
    Removing music.o(i.Music_StopSong), (2 bytes).
    Removing lab6.o(i.DelayMs), (32 bytes).
    Removing lab6.o(i.staticmain), (88 bytes).
    Removing lab6.o(.constdata), (64 bytes).

15 unused section(s) (total 364 bytes) removed from the image.

==============================================================================

Image Symbol Table

    Local Symbols

    Symbol Name                              Value     Ov Type        Size  Object(Section)

    RESET                                    0x00000000   Section      644  startup.o(RESET)
    ../clib/angel/boardlib.s                 0x00000000   Number         0  boardinit2.o ABSOLUTE
    ../clib/angel/boardlib.s                 0x00000000   Number         0  boardinit1.o ABSOLUTE
    ../clib/angel/boardlib.s                 0x00000000   Number         0  boardshut.o ABSOLUTE
    ../clib/angel/boardlib.s                 0x00000000   Number         0  boardinit3.o ABSOLUTE
    ../clib/angel/handlers.s                 0x00000000   Number         0  __scatter_zi.o ABSOLUTE
    ../clib/angel/handlers.s                 0x00000000   Number         0  __scatter_copy.o ABSOLUTE
    ../clib/angel/kernel.s                   0x00000000   Number         0  __rtentry4.o ABSOLUTE
    ../clib/angel/kernel.s                   0x00000000   Number         0  rtexit.o ABSOLUTE
    ../clib/angel/kernel.s                   0x00000000   Number         0  rtexit2.o ABSOLUTE
    ../clib/angel/kernel.s                   0x00000000   Number         0  __rtentry2.o ABSOLUTE
    ../clib/angel/kernel.s                   0x00000000   Number         0  __rtentry.o ABSOLUTE
    ../clib/angel/rt.s                       0x00000000   Number         0  rt_raise.o ABSOLUTE
    ../clib/angel/scatter.s                  0x00000000   Number         0  __scatter.o ABSOLUTE
    ../clib/angel/startup.s                  0x00000000   Number         0  __main.o ABSOLUTE
    ../clib/angel/sys.s                      0x00000000   Number         0  sys_stackheap_outer.o ABSOLUTE
    ../clib/angel/sys.s                      0x00000000   Number         0  libspace.o ABSOLUTE
    ../clib/angel/sys.s                      0x00000000   Number         0  indicate_semi.o ABSOLUTE
    ../clib/angel/sys.s                      0x00000000   Number         0  use_no_semi.o ABSOLUTE
    ../clib/angel/sysapp.c                   0x00000000   Number         0  sys_wrch.o ABSOLUTE
    ../clib/angel/sysapp.c                   0x00000000   Number         0  sys_exit.o ABSOLUTE
    ../clib/angel/sysapp.c                   0x00000000   Number         0  sys_command.o ABSOLUTE
    ../clib/armsys.c                         0x00000000   Number         0  argv_veneer.o ABSOLUTE
    ../clib/armsys.c                         0x00000000   Number         0  no_argv.o ABSOLUTE
    ../clib/armsys.c                         0x00000000   Number         0  _get_argv_nomalloc.o ABSOLUTE
    ../clib/armsys.c                         0x00000000   Number         0  argv_veneer.o ABSOLUTE
    ../clib/heapalloc.c                      0x00000000   Number         0  hrguard.o ABSOLUTE
    ../clib/heapaux.c                        0x00000000   Number         0  heapauxi.o ABSOLUTE
    ../clib/libinit.s                        0x00000000   Number         0  libshutdown2.o ABSOLUTE
    ../clib/libinit.s                        0x00000000   Number         0  libshutdown.o ABSOLUTE
    ../clib/libinit.s                        0x00000000   Number         0  libinit2.o ABSOLUTE
    ../clib/libinit.s                        0x00000000   Number         0  libinit.o ABSOLUTE
    ../clib/memcpset.s                       0x00000000   Number         0  strcmpv7m.o ABSOLUTE
    ../clib/signal.c                         0x00000000   Number         0  defsig_abrt_inner.o ABSOLUTE
    ../clib/signal.c                         0x00000000   Number         0  defsig_general.o ABSOLUTE
    ../clib/signal.c                         0x00000000   Number         0  __raise.o ABSOLUTE
    ../clib/signal.c                         0x00000000   Number         0  defsig_rtmem_formal.o ABSOLUTE
    ../clib/signal.c                         0x00000000   Number         0  defsig_rtmem_outer.o ABSOLUTE
    ../clib/signal.c                         0x00000000   Number         0  defsig_pvfn_inner.o ABSOLUTE
    ../clib/signal.c                         0x00000000   Number         0  defsig_stak_inner.o ABSOLUTE
    ../clib/signal.c                         0x00000000   Number         0  defsig_rtred_inner.o ABSOLUTE
    ../clib/signal.c                         0x00000000   Number         0  defsig_rtmem_inner.o ABSOLUTE
    ../clib/signal.c                         0x00000000   Number         0  defsig_fpe_inner.o ABSOLUTE
    ../clib/signal.c                         0x00000000   Number         0  defsig_cppl_inner.o ABSOLUTE
    ../clib/signal.c                         0x00000000   Number         0  defsig_segv_inner.o ABSOLUTE
    ../clib/signal.c                         0x00000000   Number         0  defsig_other.o ABSOLUTE
    ../clib/signal.c                         0x00000000   Number         0  defsig_exit.o ABSOLUTE
    ../clib/signal.s                         0x00000000   Number         0  defsig.o ABSOLUTE
    ../clib/stdlib.c                         0x00000000   Number         0  exit.o ABSOLUTE
    ../fplib/fpinit.s                        0x00000000   Number         0  fpinit.o ABSOLUTE
    DAC.c                                    0x00000000   Number         0  dac.o ABSOLUTE
    Key.c                                    0x00000000   Number         0  key.o ABSOLUTE
    Lab6.c                                   0x00000000   Number         0  lab6.o ABSOLUTE
    Lab6grader.c                             0x00000000   Number         0  lab6grader.o ABSOLUTE
    Music.c                                  0x00000000   Number         0  music.o ABSOLUTE
    PLL.c                                    0x00000000   Number         0  pll.o ABSOLUTE
    Sound.c                                  0x00000000   Number         0  sound.o ABSOLUTE
    Timer3A.c                                0x00000000   Number         0  timer3a.o ABSOLUTE
    UART.c                                   0x00000000   Number         0  uart.o ABSOLUTE
    dc.s                                     0x00000000   Number         0  dc.o ABSOLUTE
    startup.s                                0x00000000   Number         0  startup.o ABSOLUTE
    !!!main                                  0x00000284   Section        8  __main.o(!!!main)
    !!!scatter                               0x0000028c   Section       52  __scatter.o(!!!scatter)
    !!handler_copy                           0x000002c0   Section       26  __scatter_copy.o(!!handler_copy)
    !!handler_zi                             0x000002dc   Section       28  __scatter_zi.o(!!handler_zi)
    .ARM.Collect$$libinit$$00000000          0x000002f8   Section        2  libinit.o(.ARM.Collect$$libinit$$00000000)
    .ARM.Collect$$libinit$$00000002          0x000002fa   Section        0  libinit2.o(.ARM.Collect$$libinit$$00000002)
    .ARM.Collect$$libinit$$00000004          0x000002fa   Section        0  libinit2.o(.ARM.Collect$$libinit$$00000004)
    .ARM.Collect$$libinit$$0000000A          0x000002fa   Section        0  libinit2.o(.ARM.Collect$$libinit$$0000000A)
    .ARM.Collect$$libinit$$0000000C          0x000002fa   Section        0  libinit2.o(.ARM.Collect$$libinit$$0000000C)
    .ARM.Collect$$libinit$$0000000E          0x000002fa   Section        0  libinit2.o(.ARM.Collect$$libinit$$0000000E)
    .ARM.Collect$$libinit$$00000011          0x000002fa   Section        0  libinit2.o(.ARM.Collect$$libinit$$00000011)
    .ARM.Collect$$libinit$$00000013          0x000002fa   Section        0  libinit2.o(.ARM.Collect$$libinit$$00000013)
    .ARM.Collect$$libinit$$00000015          0x000002fa   Section        0  libinit2.o(.ARM.Collect$$libinit$$00000015)
    .ARM.Collect$$libinit$$00000017          0x000002fa   Section        0  libinit2.o(.ARM.Collect$$libinit$$00000017)
    .ARM.Collect$$libinit$$00000019          0x000002fa   Section        0  libinit2.o(.ARM.Collect$$libinit$$00000019)
    .ARM.Collect$$libinit$$0000001B          0x000002fa   Section        0  libinit2.o(.ARM.Collect$$libinit$$0000001B)
    .ARM.Collect$$libinit$$0000001D          0x000002fa   Section        0  libinit2.o(.ARM.Collect$$libinit$$0000001D)
    .ARM.Collect$$libinit$$0000001F          0x000002fa   Section        0  libinit2.o(.ARM.Collect$$libinit$$0000001F)
    .ARM.Collect$$libinit$$00000021          0x000002fa   Section        0  libinit2.o(.ARM.Collect$$libinit$$00000021)
    .ARM.Collect$$libinit$$00000023          0x000002fa   Section        0  libinit2.o(.ARM.Collect$$libinit$$00000023)
    .ARM.Collect$$libinit$$00000025          0x000002fa   Section        0  libinit2.o(.ARM.Collect$$libinit$$00000025)
    .ARM.Collect$$libinit$$0000002C          0x000002fa   Section        0  libinit2.o(.ARM.Collect$$libinit$$0000002C)
    .ARM.Collect$$libinit$$0000002E          0x000002fa   Section        0  libinit2.o(.ARM.Collect$$libinit$$0000002E)
    .ARM.Collect$$libinit$$00000030          0x000002fa   Section        0  libinit2.o(.ARM.Collect$$libinit$$00000030)
    .ARM.Collect$$libinit$$00000032          0x000002fa   Section        0  libinit2.o(.ARM.Collect$$libinit$$00000032)
    .ARM.Collect$$libinit$$00000033          0x000002fa   Section        2  libinit2.o(.ARM.Collect$$libinit$$00000033)
    .ARM.Collect$$libshutdown$$00000000      0x000002fc   Section        2  libshutdown.o(.ARM.Collect$$libshutdown$$00000000)
    .ARM.Collect$$libshutdown$$00000002      0x000002fe   Section        0  libshutdown2.o(.ARM.Collect$$libshutdown$$00000002)
    .ARM.Collect$$libshutdown$$00000004      0x000002fe   Section        0  libshutdown2.o(.ARM.Collect$$libshutdown$$00000004)
    .ARM.Collect$$libshutdown$$00000006      0x000002fe   Section        0  libshutdown2.o(.ARM.Collect$$libshutdown$$00000006)
    .ARM.Collect$$libshutdown$$00000009      0x000002fe   Section        0  libshutdown2.o(.ARM.Collect$$libshutdown$$00000009)
    .ARM.Collect$$libshutdown$$0000000C      0x000002fe   Section        0  libshutdown2.o(.ARM.Collect$$libshutdown$$0000000C)
    .ARM.Collect$$libshutdown$$0000000E      0x000002fe   Section        0  libshutdown2.o(.ARM.Collect$$libshutdown$$0000000E)
    .ARM.Collect$$libshutdown$$00000011      0x000002fe   Section        0  libshutdown2.o(.ARM.Collect$$libshutdown$$00000011)
    .ARM.Collect$$libshutdown$$00000012      0x000002fe   Section        2  libshutdown2.o(.ARM.Collect$$libshutdown$$00000012)
    .ARM.Collect$$rtentry$$00000000          0x00000300   Section        0  __rtentry.o(.ARM.Collect$$rtentry$$00000000)
    .ARM.Collect$$rtentry$$00000002          0x00000300   Section        0  __rtentry2.o(.ARM.Collect$$rtentry$$00000002)
    .ARM.Collect$$rtentry$$00000004          0x00000300   Section        6  __rtentry4.o(.ARM.Collect$$rtentry$$00000004)
    .ARM.Collect$$rtentry$$00000009          0x00000306   Section        0  __rtentry2.o(.ARM.Collect$$rtentry$$00000009)
    .ARM.Collect$$rtentry$$0000000A          0x00000306   Section        4  __rtentry2.o(.ARM.Collect$$rtentry$$0000000A)
    .ARM.Collect$$rtentry$$0000000C          0x0000030a   Section        0  __rtentry2.o(.ARM.Collect$$rtentry$$0000000C)
    .ARM.Collect$$rtentry$$0000000D          0x0000030a   Section        8  __rtentry2.o(.ARM.Collect$$rtentry$$0000000D)
    .ARM.Collect$$rtexit$$00000000           0x00000312   Section        2  rtexit.o(.ARM.Collect$$rtexit$$00000000)
    .ARM.Collect$$rtexit$$00000002           0x00000314   Section        0  rtexit2.o(.ARM.Collect$$rtexit$$00000002)
    .ARM.Collect$$rtexit$$00000003           0x00000314   Section        4  rtexit2.o(.ARM.Collect$$rtexit$$00000003)
    .ARM.Collect$$rtexit$$00000004           0x00000318   Section        6  rtexit2.o(.ARM.Collect$$rtexit$$00000004)
    .text                                    0x00000320   Section       48  startup.o(.text)
    .text                                    0x00000350   Section        0  uart.o(.text)
    copyHardwareToSoftware                   0x0000050b   Thumb Code    36  uart.o(.text)
    copySoftwareToHardware                   0x0000052f   Thumb Code    38  uart.o(.text)
    .text                                    0x0000078c   Section      128  strcmpv7m.o(.text)
    .text                                    0x0000080c   Section        0  heapauxi.o(.text)
    .text                                    0x00000812   Section       74  sys_stackheap_outer.o(.text)
    .text                                    0x0000085c   Section        0  exit.o(.text)
    .text                                    0x00000870   Section        8  libspace.o(.text)
    .text                                    0x00000878   Section        0  sys_exit.o(.text)
    .text                                    0x00000884   Section        2  use_no_semi.o(.text)
    .text                                    0x00000886   Section        0  indicate_semi.o(.text)
    i.ADC1_Init                              0x00000888   Section        0  lab6grader.o(i.ADC1_Init)
    i.CheckClock                             0x00000950   Section        0  lab6grader.o(i.CheckClock)
    i.CheckInitialization                    0x00000984   Section        0  lab6grader.o(i.CheckInitialization)
    i.DAC_Init                               0x00000b20   Section        0  dac.o(i.DAC_Init)
    i.DAC_Out                                0x00000b98   Section        0  dac.o(i.DAC_Out)
    i.FFT                                    0x00000ba4   Section        0  lab6grader.o(i.FFT)
    i.Key_In                                 0x00000eac   Section        0  key.o(i.Key_In)
    i.Key_Init                               0x00000eb8   Section        0  key.o(i.Key_Init)
    i.Lab6Grader                             0x00000ef4   Section        0  lab6grader.o(i.Lab6Grader)
    i.LaunchPad_Init                         0x00001194   Section        0  key.o(i.LaunchPad_Init)
    i.LogicAnalyzerA                         0x00001198   Section        0  lab6grader.o(i.LogicAnalyzerA)
    i.LogicAnalyzerB                         0x000011b0   Section        0  lab6grader.o(i.LogicAnalyzerB)
    i.LogicAnalyzerC                         0x000011c8   Section        0  lab6grader.o(i.LogicAnalyzerC)
    i.LogicAnalyzerE                         0x000011e0   Section        0  lab6grader.o(i.LogicAnalyzerE)
    i.Music_Init                             0x000011f8   Section        0  music.o(i.Music_Init)
    i.OutCRLF                                0x000011fa   Section        0  lab6grader.o(i.OutCRLF)
    i.OutCRLF0                               0x0000120a   Section        0  lab6grader.o(i.OutCRLF0)
    i.PLL_Init                               0x0000121c   Section        0  pll.o(i.PLL_Init)
    i.PeriodicTask2_Init                     0x00001298   Section        0  lab6grader.o(i.PeriodicTask2_Init)
    i.Random32                               0x0000132c   Section        0  lab6grader.o(i.Random32)
    i.ReadInput                              0x00001350   Section        0  lab6grader.o(i.ReadInput)
    i.ReadOutput                             0x000013b0   Section        0  lab6grader.o(i.ReadOutput)
    i.Scope                                  0x00001400   Section        0  lab6grader.o(i.Scope)
    i.Sound_Init                             0x00001414   Section        0  sound.o(i.Sound_Init)
    i.Sound_Off                              0x0000143c   Section        0  sound.o(i.Sound_Off)
    i.Sound_Start                            0x0000145c   Section        0  sound.o(i.Sound_Start)
    i.SysTick_Handler                        0x0000146c   Section        0  sound.o(i.SysTick_Handler)
    i.TExaS_Init                             0x0000149c   Section        0  lab6grader.o(i.TExaS_Init)
    i.Timer3A_Handler                        0x00001790   Section        0  timer3a.o(i.Timer3A_Handler)
    i.Timer3A_Init                           0x000017a8   Section        0  timer3a.o(i.Timer3A_Init)
    i.Timer3A_Stop                           0x00001808   Section        0  timer3a.o(i.Timer3A_Stop)
    i.Timer5A_Handler                        0x00001820   Section        0  lab6grader.o(i.Timer5A_Handler)
    i.UART0_Init                             0x00001838   Section        0  lab6grader.o(i.UART0_Init)
    i.UART0_OutChar                          0x000018c0   Section        0  lab6grader.o(i.UART0_OutChar)
    i.UART0_OutString                        0x000018d8   Section        0  lab6grader.o(i.UART0_OutString)
    i.main                                   0x000018f0   Section        0  lab6.o(i.main)
    i.setUpper                               0x00001958   Section        0  lab6grader.o(i.setUpper)
    .constdata                               0x00001970   Section     1056  lab6grader.o(.constdata)
    .constdata                               0x00001d90   Section       64  sound.o(.constdata)
    .data                                    0x20000000   Section       56  lab6grader.o(.data)
    PortMode                                 0x20000004   Data           4  lab6grader.o(.data)
    NotesMode                                0x20000008   Data           4  lab6grader.o(.data)
    Fail                                     0x2000000c   Data           4  lab6grader.o(.data)
    Time                                     0x20000010   Data           4  lab6grader.o(.data)
    Score                                    0x20000014   Data           4  lab6grader.o(.data)
    .data                                    0x20000038   Section        1  sound.o(.data)
    i                                        0x20000038   Data           1  sound.o(.data)
    .data                                    0x20000039   Section       16  lab6.o(.data)
    .data                                    0x2000004c   Section        4  timer3a.o(.data)
    .data                                    0x20000050   Section       16  uart.o(.data)
    .bss                                     0x20000060   Section       64  lab6grader.o(.bss)
    .bss                                     0x200000a0   Section      128  uart.o(.bss)
    RxFifo                                   0x200000a0   Data          64  uart.o(.bss)
    TxFifo                                   0x200000e0   Data          64  uart.o(.bss)
    .bss                                     0x20000120   Section       96  libspace.o(.bss)
    HEAP                                     0x20000180   Section        0  startup.o(HEAP)
    STACK                                    0x20000180   Section     1024  startup.o(STACK)
    HeapMem                                  0x20000180   Data           0  startup.o(HEAP)
    StackMem                                 0x20000180   Data           0  startup.o(STACK)

    Global Symbols

    Symbol Name                              Value     Ov Type        Size  Object(Section)

    BuildAttributes$$THM_ISAv4$E$P$D$K$B$S$7EM$PE$A:L22UL41UL21$X:L11$S22US41US21$IEEE1$IW$USESV6$~STKCKD$USESV7$~SHL$OSPACE$ROPI$EBA8$UX$STANDARDLIB$REQ8$PRES8$EABIv2 0x00000000   Number         0  anon$$obj.o ABSOLUTE
    __ARM_use_no_argv                        0x00000000   Number         0  lab6.o ABSOLUTE
    __Vectors                                0x00000000   Data           0  startup.o(RESET)
    __ARM_exceptions_init                     - Undefined Weak Reference
    __alloca_initialize                       - Undefined Weak Reference
    __arm_fini_                               - Undefined Weak Reference
    __arm_preinit_                            - Undefined Weak Reference
    __cpp_initialize__aeabi_                  - Undefined Weak Reference
    __cxa_finalize                            - Undefined Weak Reference
    __rt_locale                               - Undefined Weak Reference
    __sigvec_lookup                           - Undefined Weak Reference
    _atexit_init                              - Undefined Weak Reference
    _call_atexit_fns                          - Undefined Weak Reference
    _clock_init                               - Undefined Weak Reference
    _fp_trap_init                             - Undefined Weak Reference
    _fp_trap_shutdown                         - Undefined Weak Reference
    _get_lc_collate                           - Undefined Weak Reference
    _get_lc_ctype                             - Undefined Weak Reference
    _get_lc_monetary                          - Undefined Weak Reference
    _get_lc_numeric                           - Undefined Weak Reference
    _get_lc_time                              - Undefined Weak Reference
    _getenv_init                              - Undefined Weak Reference
    _handle_redirection                       - Undefined Weak Reference
    _init_alloc                               - Undefined Weak Reference
    _init_user_alloc                          - Undefined Weak Reference
    _initio                                   - Undefined Weak Reference
    _rand_init                                - Undefined Weak Reference
    _signal_finish                            - Undefined Weak Reference
    _signal_init                              - Undefined Weak Reference
    _terminate_alloc                          - Undefined Weak Reference
    _terminate_user_alloc                     - Undefined Weak Reference
    _terminateio                              - Undefined Weak Reference
    Reset_Handler                            0x0000026d   Thumb Code     0  startup.o(RESET)
    NMI_Handler                              0x00000271   Thumb Code     2  startup.o(RESET)
    HardFault_Handler                        0x00000273   Thumb Code     2  startup.o(RESET)
    MemManage_Handler                        0x00000275   Thumb Code     2  startup.o(RESET)
    BusFault_Handler                         0x00000277   Thumb Code     2  startup.o(RESET)
    UsageFault_Handler                       0x00000279   Thumb Code     2  startup.o(RESET)
    SVC_Handler                              0x0000027b   Thumb Code     2  startup.o(RESET)
    DebugMon_Handler                         0x0000027d   Thumb Code     2  startup.o(RESET)
    PendSV_Handler                           0x0000027f   Thumb Code     2  startup.o(RESET)
    ADC0Seq0_Handler                         0x00000283   Thumb Code     0  startup.o(RESET)
    ADC0Seq1_Handler                         0x00000283   Thumb Code     0  startup.o(RESET)
    ADC0Seq2_Handler                         0x00000283   Thumb Code     0  startup.o(RESET)
    ADC0Seq3_Handler                         0x00000283   Thumb Code     0  startup.o(RESET)
    ADC1Seq0_Handler                         0x00000283   Thumb Code     0  startup.o(RESET)
    ADC1Seq1_Handler                         0x00000283   Thumb Code     0  startup.o(RESET)
    ADC1Seq2_Handler                         0x00000283   Thumb Code     0  startup.o(RESET)
    ADC1Seq3_Handler                         0x00000283   Thumb Code     0  startup.o(RESET)
    CAN0_Handler                             0x00000283   Thumb Code     0  startup.o(RESET)
    CAN1_Handler                             0x00000283   Thumb Code     0  startup.o(RESET)
    CAN2_Handler                             0x00000283   Thumb Code     0  startup.o(RESET)
    Comp0_Handler                            0x00000283   Thumb Code     0  startup.o(RESET)
    Comp1_Handler                            0x00000283   Thumb Code     0  startup.o(RESET)
    Comp2_Handler                            0x00000283   Thumb Code     0  startup.o(RESET)
    Ethernet_Handler                         0x00000283   Thumb Code     0  startup.o(RESET)
    ExtBus_Handler                           0x00000283   Thumb Code     0  startup.o(RESET)
    FPU_Handler                              0x00000283   Thumb Code     0  startup.o(RESET)
    Fan0_Handler                             0x00000283   Thumb Code     0  startup.o(RESET)
    FlashCtl_Handler                         0x00000283   Thumb Code     0  startup.o(RESET)
    GPIOPortA_Handler                        0x00000283   Thumb Code     0  startup.o(RESET)
    GPIOPortB_Handler                        0x00000283   Thumb Code     0  startup.o(RESET)
    GPIOPortC_Handler                        0x00000283   Thumb Code     0  startup.o(RESET)
    GPIOPortD_Handler                        0x00000283   Thumb Code     0  startup.o(RESET)
    GPIOPortE_Handler                        0x00000283   Thumb Code     0  startup.o(RESET)
    GPIOPortF_Handler                        0x00000283   Thumb Code     0  startup.o(RESET)
    GPIOPortG_Handler                        0x00000283   Thumb Code     0  startup.o(RESET)
    GPIOPortH_Handler                        0x00000283   Thumb Code     0  startup.o(RESET)
    GPIOPortJ_Handler                        0x00000283   Thumb Code     0  startup.o(RESET)
    GPIOPortK_Handler                        0x00000283   Thumb Code     0  startup.o(RESET)
    GPIOPortL_Handler                        0x00000283   Thumb Code     0  startup.o(RESET)
    GPIOPortM_Handler                        0x00000283   Thumb Code     0  startup.o(RESET)
    GPIOPortN_Handler                        0x00000283   Thumb Code     0  startup.o(RESET)
    GPIOPortP1_Handler                       0x00000283   Thumb Code     0  startup.o(RESET)
    GPIOPortP2_Handler                       0x00000283   Thumb Code     0  startup.o(RESET)
    GPIOPortP3_Handler                       0x00000283   Thumb Code     0  startup.o(RESET)
    GPIOPortP4_Handler                       0x00000283   Thumb Code     0  startup.o(RESET)
    GPIOPortP5_Handler                       0x00000283   Thumb Code     0  startup.o(RESET)
    GPIOPortP6_Handler                       0x00000283   Thumb Code     0  startup.o(RESET)
    GPIOPortP7_Handler                       0x00000283   Thumb Code     0  startup.o(RESET)
    GPIOPortP_Handler                        0x00000283   Thumb Code     0  startup.o(RESET)
    GPIOPortQ1_Handler                       0x00000283   Thumb Code     0  startup.o(RESET)
    GPIOPortQ2_Handler                       0x00000283   Thumb Code     0  startup.o(RESET)
    GPIOPortQ3_Handler                       0x00000283   Thumb Code     0  startup.o(RESET)
    GPIOPortQ4_Handler                       0x00000283   Thumb Code     0  startup.o(RESET)
    GPIOPortQ5_Handler                       0x00000283   Thumb Code     0  startup.o(RESET)
    GPIOPortQ6_Handler                       0x00000283   Thumb Code     0  startup.o(RESET)
    GPIOPortQ7_Handler                       0x00000283   Thumb Code     0  startup.o(RESET)
    GPIOPortQ_Handler                        0x00000283   Thumb Code     0  startup.o(RESET)
    GPIOPortR_Handler                        0x00000283   Thumb Code     0  startup.o(RESET)
    GPIOPortS_Handler                        0x00000283   Thumb Code     0  startup.o(RESET)
    Hibernate_Handler                        0x00000283   Thumb Code     0  startup.o(RESET)
    I2C0_Handler                             0x00000283   Thumb Code     0  startup.o(RESET)
    I2C1_Handler                             0x00000283   Thumb Code     0  startup.o(RESET)
    I2C2_Handler                             0x00000283   Thumb Code     0  startup.o(RESET)
    I2C3_Handler                             0x00000283   Thumb Code     0  startup.o(RESET)
    I2C4_Handler                             0x00000283   Thumb Code     0  startup.o(RESET)
    I2C5_Handler                             0x00000283   Thumb Code     0  startup.o(RESET)
    I2S0_Handler                             0x00000283   Thumb Code     0  startup.o(RESET)
    LPC0_Handler                             0x00000283   Thumb Code     0  startup.o(RESET)
    PECI0_Handler                            0x00000283   Thumb Code     0  startup.o(RESET)
    PWM0Fault_Handler                        0x00000283   Thumb Code     0  startup.o(RESET)
    PWM0Generator0_Handler                   0x00000283   Thumb Code     0  startup.o(RESET)
    PWM0Generator1_Handler                   0x00000283   Thumb Code     0  startup.o(RESET)
    PWM0Generator2_Handler                   0x00000283   Thumb Code     0  startup.o(RESET)
    PWM0Generator3_Handler                   0x00000283   Thumb Code     0  startup.o(RESET)
    PWM1Fault_Handler                        0x00000283   Thumb Code     0  startup.o(RESET)
    PWM1Generator0_Handler                   0x00000283   Thumb Code     0  startup.o(RESET)
    PWM1Generator1_Handler                   0x00000283   Thumb Code     0  startup.o(RESET)
    PWM1Generator2_Handler                   0x00000283   Thumb Code     0  startup.o(RESET)
    PWM1Generator3_Handler                   0x00000283   Thumb Code     0  startup.o(RESET)
    Quadrature0_Handler                      0x00000283   Thumb Code     0  startup.o(RESET)
    Quadrature1_Handler                      0x00000283   Thumb Code     0  startup.o(RESET)
    Quadrature2_Handler                      0x00000283   Thumb Code     0  startup.o(RESET)
    SSI0_Handler                             0x00000283   Thumb Code     0  startup.o(RESET)
    SSI1_Handler                             0x00000283   Thumb Code     0  startup.o(RESET)
    SSI2_Handler                             0x00000283   Thumb Code     0  startup.o(RESET)
    SSI3_Handler                             0x00000283   Thumb Code     0  startup.o(RESET)
    SysCtl_Handler                           0x00000283   Thumb Code     0  startup.o(RESET)
    Timer0A_Handler                          0x00000283   Thumb Code     0  startup.o(RESET)
    Timer0B_Handler                          0x00000283   Thumb Code     0  startup.o(RESET)
    Timer1A_Handler                          0x00000283   Thumb Code     0  startup.o(RESET)
    Timer1B_Handler                          0x00000283   Thumb Code     0  startup.o(RESET)
    Timer2A_Handler                          0x00000283   Thumb Code     0  startup.o(RESET)
    Timer2B_Handler                          0x00000283   Thumb Code     0  startup.o(RESET)
    Timer3B_Handler                          0x00000283   Thumb Code     0  startup.o(RESET)
    Timer4A_Handler                          0x00000283   Thumb Code     0  startup.o(RESET)
    Timer4B_Handler                          0x00000283   Thumb Code     0  startup.o(RESET)
    Timer5B_Handler                          0x00000283   Thumb Code     0  startup.o(RESET)
    UART1_Handler                            0x00000283   Thumb Code     0  startup.o(RESET)
    UART2_Handler                            0x00000283   Thumb Code     0  startup.o(RESET)
    UART3_Handler                            0x00000283   Thumb Code     0  startup.o(RESET)
    UART4_Handler                            0x00000283   Thumb Code     0  startup.o(RESET)
    UART5_Handler                            0x00000283   Thumb Code     0  startup.o(RESET)
    UART6_Handler                            0x00000283   Thumb Code     0  startup.o(RESET)
    UART7_Handler                            0x00000283   Thumb Code     0  startup.o(RESET)
    USB0_Handler                             0x00000283   Thumb Code     0  startup.o(RESET)
    WDT_Handler                              0x00000283   Thumb Code     0  startup.o(RESET)
    WideTimer0A_Handler                      0x00000283   Thumb Code     0  startup.o(RESET)
    WideTimer0B_Handler                      0x00000283   Thumb Code     0  startup.o(RESET)
    WideTimer1A_Handler                      0x00000283   Thumb Code     0  startup.o(RESET)
    WideTimer1B_Handler                      0x00000283   Thumb Code     0  startup.o(RESET)
    WideTimer2A_Handler                      0x00000283   Thumb Code     0  startup.o(RESET)
    WideTimer2B_Handler                      0x00000283   Thumb Code     0  startup.o(RESET)
    WideTimer3A_Handler                      0x00000283   Thumb Code     0  startup.o(RESET)
    WideTimer3B_Handler                      0x00000283   Thumb Code     0  startup.o(RESET)
    WideTimer4A_Handler                      0x00000283   Thumb Code     0  startup.o(RESET)
    WideTimer4B_Handler                      0x00000283   Thumb Code     0  startup.o(RESET)
    WideTimer5A_Handler                      0x00000283   Thumb Code     0  startup.o(RESET)
    WideTimer5B_Handler                      0x00000283   Thumb Code     0  startup.o(RESET)
    uDMA_Error                               0x00000283   Thumb Code     0  startup.o(RESET)
    uDMA_Handler                             0x00000283   Thumb Code     0  startup.o(RESET)
    __main                                   0x00000285   Thumb Code     8  __main.o(!!!main)
    __scatterload                            0x0000028d   Thumb Code     0  __scatter.o(!!!scatter)
    __scatterload_rt2                        0x0000028d   Thumb Code    44  __scatter.o(!!!scatter)
    __scatterload_rt2_thumb_only             0x0000028d   Thumb Code     0  __scatter.o(!!!scatter)
    __scatterload_null                       0x0000029b   Thumb Code     0  __scatter.o(!!!scatter)
    __scatterload_copy                       0x000002c1   Thumb Code    26  __scatter_copy.o(!!handler_copy)
    __scatterload_zeroinit                   0x000002dd   Thumb Code    28  __scatter_zi.o(!!handler_zi)
    __rt_lib_init                            0x000002f9   Thumb Code     0  libinit.o(.ARM.Collect$$libinit$$00000000)
    __rt_lib_init_alloca_1                   0x000002fb   Thumb Code     0  libinit2.o(.ARM.Collect$$libinit$$0000002E)
    __rt_lib_init_argv_1                     0x000002fb   Thumb Code     0  libinit2.o(.ARM.Collect$$libinit$$0000002C)
    __rt_lib_init_atexit_1                   0x000002fb   Thumb Code     0  libinit2.o(.ARM.Collect$$libinit$$0000001B)
    __rt_lib_init_clock_1                    0x000002fb   Thumb Code     0  libinit2.o(.ARM.Collect$$libinit$$00000021)
    __rt_lib_init_cpp_1                      0x000002fb   Thumb Code     0  libinit2.o(.ARM.Collect$$libinit$$00000032)
    __rt_lib_init_exceptions_1               0x000002fb   Thumb Code     0  libinit2.o(.ARM.Collect$$libinit$$00000030)
    __rt_lib_init_fp_1                       0x000002fb   Thumb Code     0  libinit2.o(.ARM.Collect$$libinit$$00000002)
    __rt_lib_init_fp_trap_1                  0x000002fb   Thumb Code     0  libinit2.o(.ARM.Collect$$libinit$$0000001F)
    __rt_lib_init_getenv_1                   0x000002fb   Thumb Code     0  libinit2.o(.ARM.Collect$$libinit$$00000023)
    __rt_lib_init_heap_1                     0x000002fb   Thumb Code     0  libinit2.o(.ARM.Collect$$libinit$$0000000A)
    __rt_lib_init_lc_collate_1               0x000002fb   Thumb Code     0  libinit2.o(.ARM.Collect$$libinit$$00000011)
    __rt_lib_init_lc_ctype_1                 0x000002fb   Thumb Code     0  libinit2.o(.ARM.Collect$$libinit$$00000013)
    __rt_lib_init_lc_monetary_1              0x000002fb   Thumb Code     0  libinit2.o(.ARM.Collect$$libinit$$00000015)
    __rt_lib_init_lc_numeric_1               0x000002fb   Thumb Code     0  libinit2.o(.ARM.Collect$$libinit$$00000017)
    __rt_lib_init_lc_time_1                  0x000002fb   Thumb Code     0  libinit2.o(.ARM.Collect$$libinit$$00000019)
    __rt_lib_init_preinit_1                  0x000002fb   Thumb Code     0  libinit2.o(.ARM.Collect$$libinit$$00000004)
    __rt_lib_init_rand_1                     0x000002fb   Thumb Code     0  libinit2.o(.ARM.Collect$$libinit$$0000000E)
    __rt_lib_init_return                     0x000002fb   Thumb Code     0  libinit2.o(.ARM.Collect$$libinit$$00000033)
    __rt_lib_init_signal_1                   0x000002fb   Thumb Code     0  libinit2.o(.ARM.Collect$$libinit$$0000001D)
    __rt_lib_init_stdio_1                    0x000002fb   Thumb Code     0  libinit2.o(.ARM.Collect$$libinit$$00000025)
    __rt_lib_init_user_alloc_1               0x000002fb   Thumb Code     0  libinit2.o(.ARM.Collect$$libinit$$0000000C)
    __rt_lib_shutdown                        0x000002fd   Thumb Code     0  libshutdown.o(.ARM.Collect$$libshutdown$$00000000)
    __rt_lib_shutdown_cpp_1                  0x000002ff   Thumb Code     0  libshutdown2.o(.ARM.Collect$$libshutdown$$00000004)
    __rt_lib_shutdown_fini_1                 0x000002ff   Thumb Code     0  libshutdown2.o(.ARM.Collect$$libshutdown$$00000002)
    __rt_lib_shutdown_fp_trap_1              0x000002ff   Thumb Code     0  libshutdown2.o(.ARM.Collect$$libshutdown$$00000009)
    __rt_lib_shutdown_heap_1                 0x000002ff   Thumb Code     0  libshutdown2.o(.ARM.Collect$$libshutdown$$00000011)
    __rt_lib_shutdown_return                 0x000002ff   Thumb Code     0  libshutdown2.o(.ARM.Collect$$libshutdown$$00000012)
    __rt_lib_shutdown_signal_1               0x000002ff   Thumb Code     0  libshutdown2.o(.ARM.Collect$$libshutdown$$0000000C)
    __rt_lib_shutdown_stdio_1                0x000002ff   Thumb Code     0  libshutdown2.o(.ARM.Collect$$libshutdown$$00000006)
    __rt_lib_shutdown_user_alloc_1           0x000002ff   Thumb Code     0  libshutdown2.o(.ARM.Collect$$libshutdown$$0000000E)
    __rt_entry                               0x00000301   Thumb Code     0  __rtentry.o(.ARM.Collect$$rtentry$$00000000)
    __rt_entry_presh_1                       0x00000301   Thumb Code     0  __rtentry2.o(.ARM.Collect$$rtentry$$00000002)
    __rt_entry_sh                            0x00000301   Thumb Code     0  __rtentry4.o(.ARM.Collect$$rtentry$$00000004)
    __rt_entry_li                            0x00000307   Thumb Code     0  __rtentry2.o(.ARM.Collect$$rtentry$$0000000A)
    __rt_entry_postsh_1                      0x00000307   Thumb Code     0  __rtentry2.o(.ARM.Collect$$rtentry$$00000009)
    __rt_entry_main                          0x0000030b   Thumb Code     0  __rtentry2.o(.ARM.Collect$$rtentry$$0000000D)
    __rt_entry_postli_1                      0x0000030b   Thumb Code     0  __rtentry2.o(.ARM.Collect$$rtentry$$0000000C)
    __rt_exit                                0x00000313   Thumb Code     0  rtexit.o(.ARM.Collect$$rtexit$$00000000)
    __rt_exit_ls                             0x00000315   Thumb Code     0  rtexit2.o(.ARM.Collect$$rtexit$$00000003)
    __rt_exit_prels_1                        0x00000315   Thumb Code     0  rtexit2.o(.ARM.Collect$$rtexit$$00000002)
    __rt_exit_exit                           0x00000319   Thumb Code     0  rtexit2.o(.ARM.Collect$$rtexit$$00000004)
    DisableInterrupts                        0x00000321   Thumb Code     0  startup.o(.text)
    EnableInterrupts                         0x00000325   Thumb Code     0  startup.o(.text)
    StartCritical                            0x00000329   Thumb Code     0  startup.o(.text)
    EndCritical                              0x00000331   Thumb Code     0  startup.o(.text)
    WaitForInterrupt                         0x00000337   Thumb Code     0  startup.o(.text)
    __user_initial_stackheap                 0x0000033b   Thumb Code     0  startup.o(.text)
    RxFifo_Init                              0x00000351   Thumb Code    26  uart.o(.text)
    RxFifo_Put                               0x0000036b   Thumb Code    48  uart.o(.text)
    RxFifo_Get                               0x0000039b   Thumb Code    46  uart.o(.text)
    RxFifo_Size                              0x000003c9   Thumb Code    14  uart.o(.text)
    TxFifo_Init                              0x000003d7   Thumb Code    26  uart.o(.text)
    TxFifo_Put                               0x000003f1   Thumb Code    48  uart.o(.text)
    TxFifo_Get                               0x00000421   Thumb Code    46  uart.o(.text)
    TxFifo_Size                              0x0000044f   Thumb Code    14  uart.o(.text)
    UART_Init                                0x0000045d   Thumb Code   174  uart.o(.text)
    UART_InChar                              0x00000555   Thumb Code    20  uart.o(.text)
    UART_OutChar                             0x00000569   Thumb Code    46  uart.o(.text)
    UART0_Handler                            0x00000597   Thumb Code    82  uart.o(.text)
    UART_OutString                           0x000005e9   Thumb Code    22  uart.o(.text)
    UART_InUDec                              0x000005ff   Thumb Code    76  uart.o(.text)
    UART_OutUDec                             0x0000064b   Thumb Code    42  uart.o(.text)
    UART_InUHex                              0x00000675   Thumb Code   108  uart.o(.text)
    UART_OutUHex                             0x000006e1   Thumb Code    52  uart.o(.text)
    UART_InString                            0x00000715   Thumb Code   118  uart.o(.text)
    strcmp                                   0x0000078d   Thumb Code   128  strcmpv7m.o(.text)
    __use_two_region_memory                  0x0000080d   Thumb Code     2  heapauxi.o(.text)
    __rt_heap_escrow$2region                 0x0000080f   Thumb Code     2  heapauxi.o(.text)
    __rt_heap_expand$2region                 0x00000811   Thumb Code     2  heapauxi.o(.text)
    __user_setup_stackheap                   0x00000813   Thumb Code    74  sys_stackheap_outer.o(.text)
    exit                                     0x0000085d   Thumb Code    18  exit.o(.text)
    __user_libspace                          0x00000871   Thumb Code     8  libspace.o(.text)
    __user_perproc_libspace                  0x00000871   Thumb Code     0  libspace.o(.text)
    __user_perthread_libspace                0x00000871   Thumb Code     0  libspace.o(.text)
    _sys_exit                                0x00000879   Thumb Code     8  sys_exit.o(.text)
    __I$use$semihosting                      0x00000885   Thumb Code     0  use_no_semi.o(.text)
    __use_no_semihosting_swi                 0x00000885   Thumb Code     2  use_no_semi.o(.text)
    __semihosting_library_function           0x00000887   Thumb Code     0  indicate_semi.o(.text)
    ADC1_Init                                0x00000889   Thumb Code   176  lab6grader.o(i.ADC1_Init)
    CheckClock                               0x00000951   Thumb Code    36  lab6grader.o(i.CheckClock)
    CheckInitialization                      0x00000985   Thumb Code   172  lab6grader.o(i.CheckInitialization)
    DAC_Init                                 0x00000b21   Thumb Code   100  dac.o(i.DAC_Init)
    DAC_Out                                  0x00000b99   Thumb Code     6  dac.o(i.DAC_Out)
    FFT                                      0x00000ba5   Thumb Code   746  lab6grader.o(i.FFT)
    Key_In                                   0x00000ead   Thumb Code     6  key.o(i.Key_In)
    Key_Init                                 0x00000eb9   Thumb Code    46  key.o(i.Key_Init)
    Lab6Grader                               0x00000ef5   Thumb Code   474  lab6grader.o(i.Lab6Grader)
    LaunchPad_Init                           0x00001195   Thumb Code     2  key.o(i.LaunchPad_Init)
    LogicAnalyzerA                           0x00001199   Thumb Code    16  lab6grader.o(i.LogicAnalyzerA)
    LogicAnalyzerB                           0x000011b1   Thumb Code    14  lab6grader.o(i.LogicAnalyzerB)
    LogicAnalyzerC                           0x000011c9   Thumb Code    16  lab6grader.o(i.LogicAnalyzerC)
    LogicAnalyzerE                           0x000011e1   Thumb Code    14  lab6grader.o(i.LogicAnalyzerE)
    Music_Init                               0x000011f9   Thumb Code     2  music.o(i.Music_Init)
    OutCRLF                                  0x000011fb   Thumb Code    16  lab6grader.o(i.OutCRLF)
    OutCRLF0                                 0x0000120b   Thumb Code    16  lab6grader.o(i.OutCRLF0)
    PLL_Init                                 0x0000121d   Thumb Code   120  pll.o(i.PLL_Init)
    PeriodicTask2_Init                       0x00001299   Thumb Code   128  lab6grader.o(i.PeriodicTask2_Init)
    Random32                                 0x0000132d   Thumb Code    22  lab6grader.o(i.Random32)
    ReadInput                                0x00001351   Thumb Code    54  lab6grader.o(i.ReadInput)
    ReadOutput                               0x000013b1   Thumb Code    40  lab6grader.o(i.ReadOutput)
    Scope                                    0x00001401   Thumb Code    12  lab6grader.o(i.Scope)
    Sound_Init                               0x00001415   Thumb Code    34  sound.o(i.Sound_Init)
    Sound_Off                                0x0000143d   Thumb Code    24  sound.o(i.Sound_Off)
    Sound_Start                              0x0000145d   Thumb Code    14  sound.o(i.Sound_Start)
    SysTick_Handler                          0x0000146d   Thumb Code    36  sound.o(i.SysTick_Handler)
    TExaS_Init                               0x0000149d   Thumb Code   544  lab6grader.o(i.TExaS_Init)
    Timer3A_Handler                          0x00001791   Thumb Code    16  timer3a.o(i.Timer3A_Handler)
    Timer3A_Init                             0x000017a9   Thumb Code    74  timer3a.o(i.Timer3A_Init)
    Timer3A_Stop                             0x00001809   Thumb Code    14  timer3a.o(i.Timer3A_Stop)
    Timer5A_Handler                          0x00001821   Thumb Code    16  lab6grader.o(i.Timer5A_Handler)
    UART0_Init                               0x00001839   Thumb Code   118  lab6grader.o(i.UART0_Init)
    UART0_OutChar                            0x000018c1   Thumb Code    20  lab6grader.o(i.UART0_OutChar)
    UART0_OutString                          0x000018d9   Thumb Code    24  lab6grader.o(i.UART0_OutString)
    main                                     0x000018f1   Thumb Code   104  lab6.o(i.main)
    setUpper                                 0x00001959   Thumb Code    22  lab6grader.o(i.setUpper)
    ports                                    0x00001970   Data          64  lab6grader.o(.constdata)
    PortProblem                              0x000019b0   Data         160  lab6grader.o(.constdata)
    NotesProblem                             0x00001a50   Data         640  lab6grader.o(.constdata)
    NotesPeriod                              0x00001cd0   Data         128  lab6grader.o(.constdata)
    RMULTIPLIERS                             0x00001d50   Data          32  lab6grader.o(.constdata)
    IMULTIPLIERS                             0x00001d70   Data          32  lab6grader.o(.constdata)
    wave                                     0x00001d90   Data          64  sound.o(.constdata)
    Region$$Table$$Base                      0x00001dd0   Number         0  anon$$obj.o(Region$$Table)
    Region$$Table$$Limit                     0x00001df0   Number         0  anon$$obj.o(Region$$Table)
    PeriodicTask2                            0x20000000   Data           4  lab6grader.o(.data)
    M                                        0x20000018   Data           4  lab6grader.o(.data)
    M6                                       0x2000001c   Data           4  lab6grader.o(.data)
    LastIn                                   0x20000020   Data           4  lab6grader.o(.data)
    State                                    0x20000024   Data           4  lab6grader.o(.data)
    Mask                                     0x20000028   Data           4  lab6grader.o(.data)
    SampleFlag                               0x2000002c   Data           4  lab6grader.o(.data)
    SimulationFlag                           0x20000030   Data           4  lab6grader.o(.data)
    Last16ADCindex                           0x20000034   Data           4  lab6grader.o(.data)
    EID1                                     0x20000039   Data           7  lab6.o(.data)
    EID2                                     0x20000040   Data           8  lab6.o(.data)
    Testdata                                 0x20000048   Data           1  lab6.o(.data)
    PeriodicTask3                            0x2000004c   Data           4  timer3a.o(.data)
    RxPutI                                   0x20000050   Data           4  uart.o(.data)
    RxGetI                                   0x20000054   Data           4  uart.o(.data)
    TxPutI                                   0x20000058   Data           4  uart.o(.data)
    TxGetI                                   0x2000005c   Data           4  uart.o(.data)
    Last16ADCresults                         0x20000060   Data          64  lab6grader.o(.bss)
    __libspace_start                         0x20000120   Data          96  libspace.o(.bss)
    __temporary_stack_top$libspace           0x20000180   Data           0  libspace.o(.bss)



==============================================================================

Memory Map of the image

  Image Entry point : 0x0000026d

  Load Region LR_1 (Base: 0x00000000, Size: 0x00001e50, Max: 0xffffffff, ABSOLUTE)

    Execution Region ER_RO (Exec base: 0x00000000, Load base: 0x00000000, Size: 0x00001df0, Max: 0xffffffff, ABSOLUTE)

    Exec Addr    Load Addr    Size         Type   Attr      Idx    E Section Name        Object

    0x00000000   0x00000000   0x00000284   Code   RO            3  * RESET               startup.o
    0x00000284   0x00000284   0x00000008   Code   RO          456  * !!!main             c_w.l(__main.o)
    0x0000028c   0x0000028c   0x00000034   Code   RO          615    !!!scatter          c_w.l(__scatter.o)
    0x000002c0   0x000002c0   0x0000001a   Code   RO          617    !!handler_copy      c_w.l(__scatter_copy.o)
    0x000002da   0x000002da   0x00000002   PAD
    0x000002dc   0x000002dc   0x0000001c   Code   RO          619    !!handler_zi        c_w.l(__scatter_zi.o)
    0x000002f8   0x000002f8   0x00000002   Code   RO          483    .ARM.Collect$$libinit$$00000000  c_w.l(libinit.o)
    0x000002fa   0x000002fa   0x00000000   Code   RO          490    .ARM.Collect$$libinit$$00000002  c_w.l(libinit2.o)
    0x000002fa   0x000002fa   0x00000000   Code   RO          492    .ARM.Collect$$libinit$$00000004  c_w.l(libinit2.o)
    0x000002fa   0x000002fa   0x00000000   Code   RO          495    .ARM.Collect$$libinit$$0000000A  c_w.l(libinit2.o)
    0x000002fa   0x000002fa   0x00000000   Code   RO          497    .ARM.Collect$$libinit$$0000000C  c_w.l(libinit2.o)
    0x000002fa   0x000002fa   0x00000000   Code   RO          499    .ARM.Collect$$libinit$$0000000E  c_w.l(libinit2.o)
    0x000002fa   0x000002fa   0x00000000   Code   RO          502    .ARM.Collect$$libinit$$00000011  c_w.l(libinit2.o)
    0x000002fa   0x000002fa   0x00000000   Code   RO          504    .ARM.Collect$$libinit$$00000013  c_w.l(libinit2.o)
    0x000002fa   0x000002fa   0x00000000   Code   RO          506    .ARM.Collect$$libinit$$00000015  c_w.l(libinit2.o)
    0x000002fa   0x000002fa   0x00000000   Code   RO          508    .ARM.Collect$$libinit$$00000017  c_w.l(libinit2.o)
    0x000002fa   0x000002fa   0x00000000   Code   RO          510    .ARM.Collect$$libinit$$00000019  c_w.l(libinit2.o)
    0x000002fa   0x000002fa   0x00000000   Code   RO          512    .ARM.Collect$$libinit$$0000001B  c_w.l(libinit2.o)
    0x000002fa   0x000002fa   0x00000000   Code   RO          514    .ARM.Collect$$libinit$$0000001D  c_w.l(libinit2.o)
    0x000002fa   0x000002fa   0x00000000   Code   RO          516    .ARM.Collect$$libinit$$0000001F  c_w.l(libinit2.o)
    0x000002fa   0x000002fa   0x00000000   Code   RO          518    .ARM.Collect$$libinit$$00000021  c_w.l(libinit2.o)
    0x000002fa   0x000002fa   0x00000000   Code   RO          520    .ARM.Collect$$libinit$$00000023  c_w.l(libinit2.o)
    0x000002fa   0x000002fa   0x00000000   Code   RO          522    .ARM.Collect$$libinit$$00000025  c_w.l(libinit2.o)
    0x000002fa   0x000002fa   0x00000000   Code   RO          526    .ARM.Collect$$libinit$$0000002C  c_w.l(libinit2.o)
    0x000002fa   0x000002fa   0x00000000   Code   RO          528    .ARM.Collect$$libinit$$0000002E  c_w.l(libinit2.o)
    0x000002fa   0x000002fa   0x00000000   Code   RO          530    .ARM.Collect$$libinit$$00000030  c_w.l(libinit2.o)
    0x000002fa   0x000002fa   0x00000000   Code   RO          532    .ARM.Collect$$libinit$$00000032  c_w.l(libinit2.o)
    0x000002fa   0x000002fa   0x00000002   Code   RO          533    .ARM.Collect$$libinit$$00000033  c_w.l(libinit2.o)
    0x000002fc   0x000002fc   0x00000002   Code   RO          553    .ARM.Collect$$libshutdown$$00000000  c_w.l(libshutdown.o)
    0x000002fe   0x000002fe   0x00000000   Code   RO          566    .ARM.Collect$$libshutdown$$00000002  c_w.l(libshutdown2.o)
    0x000002fe   0x000002fe   0x00000000   Code   RO          568    .ARM.Collect$$libshutdown$$00000004  c_w.l(libshutdown2.o)
    0x000002fe   0x000002fe   0x00000000   Code   RO          570    .ARM.Collect$$libshutdown$$00000006  c_w.l(libshutdown2.o)
    0x000002fe   0x000002fe   0x00000000   Code   RO          573    .ARM.Collect$$libshutdown$$00000009  c_w.l(libshutdown2.o)
    0x000002fe   0x000002fe   0x00000000   Code   RO          576    .ARM.Collect$$libshutdown$$0000000C  c_w.l(libshutdown2.o)
    0x000002fe   0x000002fe   0x00000000   Code   RO          578    .ARM.Collect$$libshutdown$$0000000E  c_w.l(libshutdown2.o)
    0x000002fe   0x000002fe   0x00000000   Code   RO          581    .ARM.Collect$$libshutdown$$00000011  c_w.l(libshutdown2.o)
    0x000002fe   0x000002fe   0x00000002   Code   RO          582    .ARM.Collect$$libshutdown$$00000012  c_w.l(libshutdown2.o)
    0x00000300   0x00000300   0x00000000   Code   RO          458    .ARM.Collect$$rtentry$$00000000  c_w.l(__rtentry.o)
    0x00000300   0x00000300   0x00000000   Code   RO          460    .ARM.Collect$$rtentry$$00000002  c_w.l(__rtentry2.o)
    0x00000300   0x00000300   0x00000006   Code   RO          472    .ARM.Collect$$rtentry$$00000004  c_w.l(__rtentry4.o)
    0x00000306   0x00000306   0x00000000   Code   RO          462    .ARM.Collect$$rtentry$$00000009  c_w.l(__rtentry2.o)
    0x00000306   0x00000306   0x00000004   Code   RO          463    .ARM.Collect$$rtentry$$0000000A  c_w.l(__rtentry2.o)
    0x0000030a   0x0000030a   0x00000000   Code   RO          465    .ARM.Collect$$rtentry$$0000000C  c_w.l(__rtentry2.o)
    0x0000030a   0x0000030a   0x00000008   Code   RO          466    .ARM.Collect$$rtentry$$0000000D  c_w.l(__rtentry2.o)
    0x00000312   0x00000312   0x00000002   Code   RO          487    .ARM.Collect$$rtexit$$00000000  c_w.l(rtexit.o)
    0x00000314   0x00000314   0x00000000   Code   RO          535    .ARM.Collect$$rtexit$$00000002  c_w.l(rtexit2.o)
    0x00000314   0x00000314   0x00000004   Code   RO          536    .ARM.Collect$$rtexit$$00000003  c_w.l(rtexit2.o)
    0x00000318   0x00000318   0x00000006   Code   RO          537    .ARM.Collect$$rtexit$$00000004  c_w.l(rtexit2.o)
    0x0000031e   0x0000031e   0x00000002   PAD
    0x00000320   0x00000320   0x00000030   Code   RO            4    .text               startup.o
    0x00000350   0x00000350   0x0000043a   Code   RO          410    .text               uart.o
    0x0000078a   0x0000078a   0x00000002   PAD
    0x0000078c   0x0000078c   0x00000080   Code   RO          452    .text               c_w.l(strcmpv7m.o)
    0x0000080c   0x0000080c   0x00000006   Code   RO          454    .text               c_w.l(heapauxi.o)
    0x00000812   0x00000812   0x0000004a   Code   RO          474    .text               c_w.l(sys_stackheap_outer.o)
    0x0000085c   0x0000085c   0x00000012   Code   RO          476    .text               c_w.l(exit.o)
    0x0000086e   0x0000086e   0x00000002   PAD
    0x00000870   0x00000870   0x00000008   Code   RO          484    .text               c_w.l(libspace.o)
    0x00000878   0x00000878   0x0000000c   Code   RO          545    .text               c_w.l(sys_exit.o)
    0x00000884   0x00000884   0x00000002   Code   RO          556    .text               c_w.l(use_no_semi.o)
    0x00000886   0x00000886   0x00000000   Code   RO          558    .text               c_w.l(indicate_semi.o)
    0x00000886   0x00000886   0x00000002   PAD
    0x00000888   0x00000888   0x000000c8   Code   RO           12    i.ADC1_Init         lab6grader.o
    0x00000950   0x00000950   0x00000034   Code   RO           13    i.CheckClock        lab6grader.o
    0x00000984   0x00000984   0x0000019c   Code   RO           14    i.CheckInitialization  lab6grader.o
    0x00000b20   0x00000b20   0x00000078   Code   RO          326    i.DAC_Init          dac.o
    0x00000b98   0x00000b98   0x0000000c   Code   RO          327    i.DAC_Out           dac.o
    0x00000ba4   0x00000ba4   0x00000308   Code   RO           15    i.FFT               lab6grader.o
    0x00000eac   0x00000eac   0x0000000c   Code   RO          260    i.Key_In            key.o
    0x00000eb8   0x00000eb8   0x0000003c   Code   RO          261    i.Key_Init          key.o
    0x00000ef4   0x00000ef4   0x000002a0   Code   RO           16    i.Lab6Grader        lab6grader.o
    0x00001194   0x00001194   0x00000002   Code   RO          262    i.LaunchPad_Init    key.o
    0x00001196   0x00001196   0x00000002   PAD
    0x00001198   0x00001198   0x00000018   Code   RO           17    i.LogicAnalyzerA    lab6grader.o
    0x000011b0   0x000011b0   0x00000018   Code   RO           18    i.LogicAnalyzerB    lab6grader.o
    0x000011c8   0x000011c8   0x00000018   Code   RO           19    i.LogicAnalyzerC    lab6grader.o
    0x000011e0   0x000011e0   0x00000018   Code   RO           20    i.LogicAnalyzerE    lab6grader.o
    0x000011f8   0x000011f8   0x00000002   Code   RO          296    i.Music_Init        music.o
    0x000011fa   0x000011fa   0x00000010   Code   RO           21    i.OutCRLF           lab6grader.o
    0x0000120a   0x0000120a   0x00000010   Code   RO           22    i.OutCRLF0          lab6grader.o
    0x0000121a   0x0000121a   0x00000002   PAD
    0x0000121c   0x0000121c   0x0000007c   Code   RO          435    i.PLL_Init          pll.o
    0x00001298   0x00001298   0x00000094   Code   RO           24    i.PeriodicTask2_Init  lab6grader.o
    0x0000132c   0x0000132c   0x00000024   Code   RO           27    i.Random32          lab6grader.o
    0x00001350   0x00001350   0x00000060   Code   RO           29    i.ReadInput         lab6grader.o
    0x000013b0   0x000013b0   0x00000050   Code   RO           30    i.ReadOutput        lab6grader.o
    0x00001400   0x00001400   0x00000014   Code   RO           31    i.Scope             lab6grader.o
    0x00001414   0x00001414   0x00000028   Code   RO          212    i.Sound_Init        sound.o
    0x0000143c   0x0000143c   0x00000020   Code   RO          213    i.Sound_Off         sound.o
    0x0000145c   0x0000145c   0x0000000e   Code   RO          214    i.Sound_Start       sound.o
    0x0000146a   0x0000146a   0x00000002   PAD
    0x0000146c   0x0000146c   0x00000030   Code   RO          216    i.SysTick_Handler   sound.o
    0x0000149c   0x0000149c   0x000002f4   Code   RO           32    i.TExaS_Init        lab6grader.o
    0x00001790   0x00001790   0x00000018   Code   RO          377    i.Timer3A_Handler   timer3a.o
    0x000017a8   0x000017a8   0x00000060   Code   RO          378    i.Timer3A_Init      timer3a.o
    0x00001808   0x00001808   0x00000018   Code   RO          379    i.Timer3A_Stop      timer3a.o
    0x00001820   0x00001820   0x00000018   Code   RO           34    i.Timer5A_Handler   lab6grader.o
    0x00001838   0x00001838   0x00000088   Code   RO           36    i.UART0_Init        lab6grader.o
    0x000018c0   0x000018c0   0x00000018   Code   RO           37    i.UART0_OutChar     lab6grader.o
    0x000018d8   0x000018d8   0x00000018   Code   RO           38    i.UART0_OutString   lab6grader.o
    0x000018f0   0x000018f0   0x00000068   Code   RO          345    i.main              lab6.o
    0x00001958   0x00001958   0x00000016   Code   RO           39    i.setUpper          lab6grader.o
    0x0000196e   0x0000196e   0x00000002   PAD
    0x00001970   0x00001970   0x00000420   Data   RO           41    .constdata          lab6grader.o
    0x00001d90   0x00001d90   0x00000040   Data   RO          217    .constdata          sound.o
    0x00001dd0   0x00001dd0   0x00000020   Data   RO          613    Region$$Table       anon$$obj.o


    Execution Region ER_RW (Exec base: 0x20000000, Load base: 0x00001df0, Size: 0x00000060, Max: 0xffffffff, ABSOLUTE)

    Exec Addr    Load Addr    Size         Type   Attr      Idx    E Section Name        Object

    0x20000000   0x00001df0   0x00000038   Data   RW           42    .data               lab6grader.o
    0x20000038   0x00001e28   0x00000001   Data   RW          218    .data               sound.o
    0x20000039   0x00001e29   0x00000010   Data   RW          348    .data               lab6.o
    0x20000049   0x00001e39   0x00000003   PAD
    0x2000004c   0x00001e3c   0x00000004   Data   RW          380    .data               timer3a.o
    0x20000050   0x00001e40   0x00000010   Data   RW          412    .data               uart.o


    Execution Region ER_ZI (Exec base: 0x20000060, Load base: 0x00001e50, Size: 0x00000520, Max: 0xffffffff, ABSOLUTE)

    Exec Addr    Load Addr    Size         Type   Attr      Idx    E Section Name        Object

    0x20000060        -       0x00000040   Zero   RW           40    .bss                lab6grader.o
    0x200000a0        -       0x00000080   Zero   RW          411    .bss                uart.o
    0x20000120        -       0x00000060   Zero   RW          485    .bss                c_w.l(libspace.o)
    0x20000180        -       0x00000000   Zero   RW            2    HEAP                startup.o
    0x20000180        -       0x00000400   Zero   RW            1    STACK               startup.o


==============================================================================

Image component sizes


      Code (inc. data)   RO Data    RW Data    ZI Data      Debug   Object Name

       132         26          0          0          0        813   dac.o
        74         20          0          0          0       1457   key.o
       104          0          0         16          0       1199   lab6.o
      3606        910       1056         56         64      22039   lab6grader.o
         2          0          0          0          0        365   music.o
       124          4          0          0          0        467   pll.o
       134         26         64          1          0       2376   sound.o
       692        632          0          0       1024        964   startup.o
       144         40          0          4          0       5040   timer3a.o
      1082         48          0         16        128       5424   uart.o

    ----------------------------------------------------------------------
      6104       1706       1152         96       1216      40144   Object Totals
         0          0         32          0          0          0   (incl. Generated)
        10          0          0          3          0          0   (incl. Padding)

    ----------------------------------------------------------------------

      Code (inc. data)   RO Data    RW Data    ZI Data      Debug   Library Member Name

         8          0          0          0          0         68   __main.o
         0          0          0          0          0          0   __rtentry.o
        12          0          0          0          0          0   __rtentry2.o
         6          0          0          0          0          0   __rtentry4.o
        52          8          0          0          0          0   __scatter.o
        26          0          0          0          0          0   __scatter_copy.o
        28          0          0          0          0          0   __scatter_zi.o
        18          0          0          0          0         80   exit.o
         6          0          0          0          0        152   heapauxi.o
         0          0          0          0          0          0   indicate_semi.o
         2          0          0          0          0          0   libinit.o
         2          0          0          0          0          0   libinit2.o
         2          0          0          0          0          0   libshutdown.o
         2          0          0          0          0          0   libshutdown2.o
         8          4          0          0         96         68   libspace.o
         2          0          0          0          0          0   rtexit.o
        10          0          0          0          0          0   rtexit2.o
       128          0          0          0          0         68   strcmpv7m.o
        12          4          0          0          0         68   sys_exit.o
        74          0          0          0          0         80   sys_stackheap_outer.o
         2          0          0          0          0         68   use_no_semi.o

    ----------------------------------------------------------------------
       408         16          0          0         96        652   Library Totals
         8          0          0          0          0          0   (incl. Padding)

    ----------------------------------------------------------------------

      Code (inc. data)   RO Data    RW Data    ZI Data      Debug   Library Name

       400         16          0          0         96        652   c_w.l

    ----------------------------------------------------------------------
       408         16          0          0         96        652   Library Totals

    ----------------------------------------------------------------------

==============================================================================


      Code (inc. data)   RO Data    RW Data    ZI Data      Debug   

      6512       1722       1152         96       1312      38764   Grand Totals
      6512       1722       1152         96       1312      38764   ELF Image Totals
      6512       1722       1152         96          0          0   ROM Totals

==============================================================================

    Total RO  Size (Code + RO Data)                 7664 (   7.48kB)
    Total RW  Size (RW Data + ZI Data)              1408 (   1.38kB)
    Total ROM Size (Code + RO Data + RW Data)       7760 (   7.58kB)

==============================================================================

