Component: ARM Compiler 5.06 update 7 (build 960) Tool: armlink [4d3601]

==============================================================================

Section Cross References

    startup.o(RESET) refers to startup.o(STACK) for StackMem
    startup.o(RESET) refers to uart.o(.text) for UART0_Handler
    startup.o(RESET) refers to timer3a.o(i.Timer3A_Handler) for Timer3A_Handler
    startup.o(RESET) refers to lab4grader.o(.text) for Timer5A_Handler
    startup.o(RESET) refers to main.o(.text) for Start
    debug.o(.text) refers to debug.o(DATA) for M
    main.o(.text) refers to lab4grader.o(.text) for TExaS_Init
    main.o(.text) refers to debug.o(.text) for Debug_Init
    main.o(.text) refers to main.o(DATA) for Ran
    timer3a.o(i.Timer3A_Handler) refers to timer3a.o(.data) for PeriodicTask3
    timer3a.o(i.Timer3A_Init) refers to timer3a.o(.data) for PeriodicTask3
    uart.o(.text) refers to startup.o(.text) for StartCritical
    uart.o(.text) refers to uart.o(.data) for RxGetI
    uart.o(.text) refers to uart.o(.bss) for RxFifo
    lab4grader.o(.text) refers to debug.o(.text) for Debug_Init
    lab4grader.o(.text) refers to uart.o(.text) for UART_OutString
    lab4grader.o(.text) refers to lab4grader.o(.data) for PeriodicTask2
    lab4grader.o(.text) refers to lab4grader.o(.constdata) for LEDMask
    lab4grader.o(.text) refers to lab4grader.o(.bss) for Histogram2
    lab4grader.o(.text) refers to debug.o(DATA) for Histogram
    lab4grader.o(.text) refers to startup.o(.text) for DisableInterrupts
    lab4grader.o(.text) refers to pll.o(i.PLL_Init) for PLL_Init
    lab4grader.o(.text) refers to strcmpv7m.o(.text) for strcmp
    lab4grader.o(.text) refers to timer3a.o(i.Timer3A_Init) for Timer3A_Init


==============================================================================

Removing Unused input sections from the image.

    Removing startup.o(HEAP), (0 bytes).
    Removing timer3a.o(i.Timer3A_Stop), (24 bytes).

2 unused section(s) (total 24 bytes) removed from the image.

==============================================================================

Image Symbol Table

    Local Symbols

    Symbol Name                              Value     Ov Type        Size  Object(Section)

    RESET                                    0x00000000   Section      644  startup.o(RESET)
    ../clib/memcpset.s                       0x00000000   Number         0  strcmpv7m.o ABSOLUTE
    Debug.s                                  0x00000000   Number         0  debug.o ABSOLUTE
    Lab4Grader.c                             0x00000000   Number         0  lab4grader.o ABSOLUTE
    PLL.c                                    0x00000000   Number         0  pll.o ABSOLUTE
    Startup.s                                0x00000000   Number         0  startup.o ABSOLUTE
    Timer3A.c                                0x00000000   Number         0  timer3a.o ABSOLUTE
    UART.c                                   0x00000000   Number         0  uart.o ABSOLUTE
    dc.s                                     0x00000000   Number         0  dc.o ABSOLUTE
    main.s                                   0x00000000   Number         0  main.o ABSOLUTE
    .text                                    0x00000284   Section       28  startup.o(.text)
    .text                                    0x000002a0   Section      496  debug.o(.text)
    .text                                    0x00000490   Section      240  main.o(.text)
    .text                                    0x00000580   Section        0  uart.o(.text)
    copyHardwareToSoftware                   0x0000073b   Thumb Code    36  uart.o(.text)
    copySoftwareToHardware                   0x0000075f   Thumb Code    38  uart.o(.text)
    .text                                    0x000009bc   Section        0  lab4grader.o(.text)
    .text                                    0x000015ac   Section      128  strcmpv7m.o(.text)
    i.PLL_Init                               0x0000162c   Section        0  pll.o(i.PLL_Init)
    i.Timer3A_Handler                        0x000016a8   Section        0  timer3a.o(i.Timer3A_Handler)
    i.Timer3A_Init                           0x000016c0   Section        0  timer3a.o(i.Timer3A_Init)
    .constdata                               0x00001720   Section      544  lab4grader.o(.constdata)
    .data                                    0x20000000   Section        4  timer3a.o(.data)
    .data                                    0x20000004   Section       16  uart.o(.data)
    .data                                    0x20000014   Section       44  lab4grader.o(.data)
    Mode                                     0x20000018   Data           4  lab4grader.o(.data)
    Count2                                   0x2000001c   Data           4  lab4grader.o(.data)
    Time                                     0x20000020   Data           4  lab4grader.o(.data)
    Score                                    0x20000024   Data           4  lab4grader.o(.data)
    DATA                                     0x20000040   Section      300  debug.o(DATA)
    M                                        0x20000164   Data           4  debug.o(DATA)
    DATA                                     0x2000016c   Section        4  main.o(DATA)
    Ran                                      0x2000016c   Data           4  main.o(DATA)
    .bss                                     0x20000170   Section      128  uart.o(.bss)
    RxFifo                                   0x20000170   Data          64  uart.o(.bss)
    TxFifo                                   0x200001b0   Data          64  uart.o(.bss)
    .bss                                     0x200001f0   Section      264  lab4grader.o(.bss)
    STACK                                    0x200002f8   Section     1024  startup.o(STACK)
    StackMem                                 0x200002f8   Data           0  startup.o(STACK)

    Global Symbols

    Symbol Name                              Value     Ov Type        Size  Object(Section)

    BuildAttributes$$THM_ISAv4$E$P$D$K$B$S$7EM$PE$A:L22UL41UL21$X:L11$S22US41US21$IEEE1$IW$USESV6$~STKCKD$USESV7$~SHL$OSPACE$ROPI$EBA8$STANDARDLIB$REQ8$PRES8$EABIv2 0x00000000   Number         0  anon$$obj.o ABSOLUTE
    Increment                                0x00000000   Number         0  debug.o ABSOLUTE
    __Vectors                                0x00000000   Data           0  startup.o(RESET)
    HistogramSpace                           0x00000040   Number         0  debug.o ABSOLUTE
    Reset_Handler                            0x0000026d   Thumb Code     0  startup.o(RESET)
    NMI_Handler                              0x00000271   Thumb Code     2  startup.o(RESET)
    HardFault_Handler                        0x00000273   Thumb Code     2  startup.o(RESET)
    MemManage_Handler                        0x00000275   Thumb Code     2  startup.o(RESET)
    BusFault_Handler                         0x00000277   Thumb Code     2  startup.o(RESET)
    UsageFault_Handler                       0x00000279   Thumb Code     2  startup.o(RESET)
    SVC_Handler                              0x0000027b   Thumb Code     2  startup.o(RESET)
    DebugMon_Handler                         0x0000027d   Thumb Code     2  startup.o(RESET)
    PendSV_Handler                           0x0000027f   Thumb Code     2  startup.o(RESET)
    SysTick_Handler                          0x00000281   Thumb Code     2  startup.o(RESET)
    ADC0Seq0_Handler                         0x00000283   Thumb Code     0  startup.o(RESET)
    ADC0Seq1_Handler                         0x00000283   Thumb Code     0  startup.o(RESET)
    ADC0Seq2_Handler                         0x00000283   Thumb Code     0  startup.o(RESET)
    ADC0Seq3_Handler                         0x00000283   Thumb Code     0  startup.o(RESET)
    ADC1Seq0_Handler                         0x00000283   Thumb Code     0  startup.o(RESET)
    ADC1Seq1_Handler                         0x00000283   Thumb Code     0  startup.o(RESET)
    ADC1Seq2_Handler                         0x00000283   Thumb Code     0  startup.o(RESET)
    ADC1Seq3_Handler                         0x00000283   Thumb Code     0  startup.o(RESET)
    CAN0_Handler                             0x00000283   Thumb Code     0  startup.o(RESET)
    CAN1_Handler                             0x00000283   Thumb Code     0  startup.o(RESET)
    CAN2_Handler                             0x00000283   Thumb Code     0  startup.o(RESET)
    Comp0_Handler                            0x00000283   Thumb Code     0  startup.o(RESET)
    Comp1_Handler                            0x00000283   Thumb Code     0  startup.o(RESET)
    Comp2_Handler                            0x00000283   Thumb Code     0  startup.o(RESET)
    Ethernet_Handler                         0x00000283   Thumb Code     0  startup.o(RESET)
    ExtBus_Handler                           0x00000283   Thumb Code     0  startup.o(RESET)
    FPU_Handler                              0x00000283   Thumb Code     0  startup.o(RESET)
    Fan0_Handler                             0x00000283   Thumb Code     0  startup.o(RESET)
    FlashCtl_Handler                         0x00000283   Thumb Code     0  startup.o(RESET)
    GPIOPortA_Handler                        0x00000283   Thumb Code     0  startup.o(RESET)
    GPIOPortB_Handler                        0x00000283   Thumb Code     0  startup.o(RESET)
    GPIOPortC_Handler                        0x00000283   Thumb Code     0  startup.o(RESET)
    GPIOPortD_Handler                        0x00000283   Thumb Code     0  startup.o(RESET)
    GPIOPortE_Handler                        0x00000283   Thumb Code     0  startup.o(RESET)
    GPIOPortF_Handler                        0x00000283   Thumb Code     0  startup.o(RESET)
    GPIOPortG_Handler                        0x00000283   Thumb Code     0  startup.o(RESET)
    GPIOPortH_Handler                        0x00000283   Thumb Code     0  startup.o(RESET)
    GPIOPortJ_Handler                        0x00000283   Thumb Code     0  startup.o(RESET)
    GPIOPortK_Handler                        0x00000283   Thumb Code     0  startup.o(RESET)
    GPIOPortL_Handler                        0x00000283   Thumb Code     0  startup.o(RESET)
    GPIOPortM_Handler                        0x00000283   Thumb Code     0  startup.o(RESET)
    GPIOPortN_Handler                        0x00000283   Thumb Code     0  startup.o(RESET)
    GPIOPortP1_Handler                       0x00000283   Thumb Code     0  startup.o(RESET)
    GPIOPortP2_Handler                       0x00000283   Thumb Code     0  startup.o(RESET)
    GPIOPortP3_Handler                       0x00000283   Thumb Code     0  startup.o(RESET)
    GPIOPortP4_Handler                       0x00000283   Thumb Code     0  startup.o(RESET)
    GPIOPortP5_Handler                       0x00000283   Thumb Code     0  startup.o(RESET)
    GPIOPortP6_Handler                       0x00000283   Thumb Code     0  startup.o(RESET)
    GPIOPortP7_Handler                       0x00000283   Thumb Code     0  startup.o(RESET)
    GPIOPortP_Handler                        0x00000283   Thumb Code     0  startup.o(RESET)
    GPIOPortQ1_Handler                       0x00000283   Thumb Code     0  startup.o(RESET)
    GPIOPortQ2_Handler                       0x00000283   Thumb Code     0  startup.o(RESET)
    GPIOPortQ3_Handler                       0x00000283   Thumb Code     0  startup.o(RESET)
    GPIOPortQ4_Handler                       0x00000283   Thumb Code     0  startup.o(RESET)
    GPIOPortQ5_Handler                       0x00000283   Thumb Code     0  startup.o(RESET)
    GPIOPortQ6_Handler                       0x00000283   Thumb Code     0  startup.o(RESET)
    GPIOPortQ7_Handler                       0x00000283   Thumb Code     0  startup.o(RESET)
    GPIOPortQ_Handler                        0x00000283   Thumb Code     0  startup.o(RESET)
    GPIOPortR_Handler                        0x00000283   Thumb Code     0  startup.o(RESET)
    GPIOPortS_Handler                        0x00000283   Thumb Code     0  startup.o(RESET)
    Hibernate_Handler                        0x00000283   Thumb Code     0  startup.o(RESET)
    I2C0_Handler                             0x00000283   Thumb Code     0  startup.o(RESET)
    I2C1_Handler                             0x00000283   Thumb Code     0  startup.o(RESET)
    I2C2_Handler                             0x00000283   Thumb Code     0  startup.o(RESET)
    I2C3_Handler                             0x00000283   Thumb Code     0  startup.o(RESET)
    I2C4_Handler                             0x00000283   Thumb Code     0  startup.o(RESET)
    I2C5_Handler                             0x00000283   Thumb Code     0  startup.o(RESET)
    I2S0_Handler                             0x00000283   Thumb Code     0  startup.o(RESET)
    LPC0_Handler                             0x00000283   Thumb Code     0  startup.o(RESET)
    PECI0_Handler                            0x00000283   Thumb Code     0  startup.o(RESET)
    PWM0Fault_Handler                        0x00000283   Thumb Code     0  startup.o(RESET)
    PWM0Generator0_Handler                   0x00000283   Thumb Code     0  startup.o(RESET)
    PWM0Generator1_Handler                   0x00000283   Thumb Code     0  startup.o(RESET)
    PWM0Generator2_Handler                   0x00000283   Thumb Code     0  startup.o(RESET)
    PWM0Generator3_Handler                   0x00000283   Thumb Code     0  startup.o(RESET)
    PWM1Fault_Handler                        0x00000283   Thumb Code     0  startup.o(RESET)
    PWM1Generator0_Handler                   0x00000283   Thumb Code     0  startup.o(RESET)
    PWM1Generator1_Handler                   0x00000283   Thumb Code     0  startup.o(RESET)
    PWM1Generator2_Handler                   0x00000283   Thumb Code     0  startup.o(RESET)
    PWM1Generator3_Handler                   0x00000283   Thumb Code     0  startup.o(RESET)
    Quadrature0_Handler                      0x00000283   Thumb Code     0  startup.o(RESET)
    Quadrature1_Handler                      0x00000283   Thumb Code     0  startup.o(RESET)
    Quadrature2_Handler                      0x00000283   Thumb Code     0  startup.o(RESET)
    SSI0_Handler                             0x00000283   Thumb Code     0  startup.o(RESET)
    SSI1_Handler                             0x00000283   Thumb Code     0  startup.o(RESET)
    SSI2_Handler                             0x00000283   Thumb Code     0  startup.o(RESET)
    SSI3_Handler                             0x00000283   Thumb Code     0  startup.o(RESET)
    SysCtl_Handler                           0x00000283   Thumb Code     0  startup.o(RESET)
    Timer0A_Handler                          0x00000283   Thumb Code     0  startup.o(RESET)
    Timer0B_Handler                          0x00000283   Thumb Code     0  startup.o(RESET)
    Timer1A_Handler                          0x00000283   Thumb Code     0  startup.o(RESET)
    Timer1B_Handler                          0x00000283   Thumb Code     0  startup.o(RESET)
    Timer2A_Handler                          0x00000283   Thumb Code     0  startup.o(RESET)
    Timer2B_Handler                          0x00000283   Thumb Code     0  startup.o(RESET)
    Timer3B_Handler                          0x00000283   Thumb Code     0  startup.o(RESET)
    Timer4A_Handler                          0x00000283   Thumb Code     0  startup.o(RESET)
    Timer4B_Handler                          0x00000283   Thumb Code     0  startup.o(RESET)
    Timer5B_Handler                          0x00000283   Thumb Code     0  startup.o(RESET)
    UART1_Handler                            0x00000283   Thumb Code     0  startup.o(RESET)
    UART2_Handler                            0x00000283   Thumb Code     0  startup.o(RESET)
    UART3_Handler                            0x00000283   Thumb Code     0  startup.o(RESET)
    UART4_Handler                            0x00000283   Thumb Code     0  startup.o(RESET)
    UART5_Handler                            0x00000283   Thumb Code     0  startup.o(RESET)
    UART6_Handler                            0x00000283   Thumb Code     0  startup.o(RESET)
    UART7_Handler                            0x00000283   Thumb Code     0  startup.o(RESET)
    USB0_Handler                             0x00000283   Thumb Code     0  startup.o(RESET)
    WDT_Handler                              0x00000283   Thumb Code     0  startup.o(RESET)
    WideTimer0A_Handler                      0x00000283   Thumb Code     0  startup.o(RESET)
    WideTimer0B_Handler                      0x00000283   Thumb Code     0  startup.o(RESET)
    WideTimer1A_Handler                      0x00000283   Thumb Code     0  startup.o(RESET)
    WideTimer1B_Handler                      0x00000283   Thumb Code     0  startup.o(RESET)
    WideTimer2A_Handler                      0x00000283   Thumb Code     0  startup.o(RESET)
    WideTimer2B_Handler                      0x00000283   Thumb Code     0  startup.o(RESET)
    WideTimer3A_Handler                      0x00000283   Thumb Code     0  startup.o(RESET)
    WideTimer3B_Handler                      0x00000283   Thumb Code     0  startup.o(RESET)
    WideTimer4A_Handler                      0x00000283   Thumb Code     0  startup.o(RESET)
    WideTimer4B_Handler                      0x00000283   Thumb Code     0  startup.o(RESET)
    WideTimer5A_Handler                      0x00000283   Thumb Code     0  startup.o(RESET)
    WideTimer5B_Handler                      0x00000283   Thumb Code     0  startup.o(RESET)
    uDMA_Error                               0x00000283   Thumb Code     0  startup.o(RESET)
    uDMA_Handler                             0x00000283   Thumb Code     0  startup.o(RESET)
    DisableInterrupts                        0x00000285   Thumb Code     0  startup.o(.text)
    EnableInterrupts                         0x00000289   Thumb Code     0  startup.o(.text)
    StartCritical                            0x0000028d   Thumb Code     0  startup.o(.text)
    EndCritical                              0x00000295   Thumb Code     0  startup.o(.text)
    WaitForInterrupt                         0x0000029b   Thumb Code     0  startup.o(.text)
    EID1                                     0x000002a0   Data           7  debug.o(.text)
    EID2                                     0x000002a7   Data           8  debug.o(.text)
    Debug_Init                               0x000002b1   Thumb Code     0  debug.o(.text)
    Debug_Dump                               0x00000317   Thumb Code     0  debug.o(.text)
    Debug_ElapsedTime                        0x00000363   Thumb Code     0  debug.o(.text)
    Debug_Beat                               0x000003c9   Thumb Code     0  debug.o(.text)
    Start                                    0x00000491   Thumb Code     0  main.o(.text)
    RxFifo_Init                              0x00000581   Thumb Code    26  uart.o(.text)
    RxFifo_Put                               0x0000059b   Thumb Code    48  uart.o(.text)
    RxFifo_Get                               0x000005cb   Thumb Code    46  uart.o(.text)
    RxFifo_Size                              0x000005f9   Thumb Code    14  uart.o(.text)
    TxFifo_Init                              0x00000607   Thumb Code    26  uart.o(.text)
    TxFifo_Put                               0x00000621   Thumb Code    48  uart.o(.text)
    TxFifo_Get                               0x00000651   Thumb Code    46  uart.o(.text)
    TxFifo_Size                              0x0000067f   Thumb Code    14  uart.o(.text)
    UART_Init                                0x0000068d   Thumb Code   174  uart.o(.text)
    UART_InChar                              0x00000785   Thumb Code    20  uart.o(.text)
    UART_OutChar                             0x00000799   Thumb Code    46  uart.o(.text)
    UART0_Handler                            0x000007c7   Thumb Code    82  uart.o(.text)
    UART_OutString                           0x00000819   Thumb Code    22  uart.o(.text)
    UART_InUDec                              0x0000082f   Thumb Code    76  uart.o(.text)
    UART_OutUDec                             0x0000087b   Thumb Code    42  uart.o(.text)
    UART_InUHex                              0x000008a5   Thumb Code   108  uart.o(.text)
    UART_OutUHex                             0x00000911   Thumb Code    52  uart.o(.text)
    UART_InString                            0x00000945   Thumb Code   118  uart.o(.text)
    LogicAnalyzer                            0x000009bd   Thumb Code    32  lab4grader.o(.text)
    Scope                                    0x000009dd   Thumb Code    12  lab4grader.o(.text)
    PeriodicTask2_Init                       0x000009e9   Thumb Code   128  lab4grader.o(.text)
    Timer5A_Handler                          0x00000a69   Thumb Code    16  lab4grader.o(.text)
    PeriodicTask2_Stop                       0x00000a79   Thumb Code    26  lab4grader.o(.text)
    UART0_Init                               0x00000a93   Thumb Code   122  lab4grader.o(.text)
    UART0_InChar                             0x00000b0d   Thumb Code    22  lab4grader.o(.text)
    UART0_OutChar                            0x00000b23   Thumb Code    20  lab4grader.o(.text)
    UART0_OutString                          0x00000b37   Thumb Code    22  lab4grader.o(.text)
    OutCRLF0                                 0x00000b4d   Thumb Code    16  lab4grader.o(.text)
    ADC1_Init                                0x00000b5d   Thumb Code   184  lab4grader.o(.text)
    CheckInit                                0x00000c15   Thumb Code   258  lab4grader.o(.text)
    Random32                                 0x00000d17   Thumb Code    22  lab4grader.o(.text)
    Random6                                  0x00000d2d   Thumb Code    24  lab4grader.o(.text)
    Random                                   0x00000d45   Thumb Code    20  lab4grader.o(.text)
    setUpper                                 0x00000d59   Thumb Code    22  lab4grader.o(.text)
    OutCRLF                                  0x00000d6f   Thumb Code    16  lab4grader.o(.text)
    Option0                                  0x00000d7f   Thumb Code   406  lab4grader.o(.text)
    Option1                                  0x00000f15   Thumb Code    40  lab4grader.o(.text)
    Option2                                  0x00000f3d   Thumb Code    40  lab4grader.o(.text)
    Option3                                  0x00000f65   Thumb Code    58  lab4grader.o(.text)
    Lab4Grader                               0x00000f9f   Thumb Code   566  lab4grader.o(.text)
    TExaS_Init                               0x000011d5   Thumb Code   868  lab4grader.o(.text)
    TExaS_Stop                               0x00001539   Thumb Code     8  lab4grader.o(.text)
    strcmp                                   0x000015ad   Thumb Code   128  strcmpv7m.o(.text)
    PLL_Init                                 0x0000162d   Thumb Code   120  pll.o(i.PLL_Init)
    Timer3A_Handler                          0x000016a9   Thumb Code    16  timer3a.o(i.Timer3A_Handler)
    Timer3A_Init                             0x000016c1   Thumb Code    74  timer3a.o(i.Timer3A_Init)
    DumpProblem                              0x00001720   Data         320  lab4grader.o(.constdata)
    HeartBeatProblem                         0x00001860   Data         160  lab4grader.o(.constdata)
    CountProblem                             0x00001900   Data          32  lab4grader.o(.constdata)
    LEDMask                                  0x00001920   Data          32  lab4grader.o(.constdata)
    PeriodicTask3                            0x20000000   Data           4  timer3a.o(.data)
    RxPutI                                   0x20000004   Data           4  uart.o(.data)
    RxGetI                                   0x20000008   Data           4  uart.o(.data)
    TxPutI                                   0x2000000c   Data           4  uart.o(.data)
    TxGetI                                   0x20000010   Data           4  uart.o(.data)
    PeriodicTask2                            0x20000014   Data           4  lab4grader.o(.data)
    LastLED                                  0x20000028   Data           4  lab4grader.o(.data)
    FirstCount                               0x2000002c   Data           4  lab4grader.o(.data)
    SecondCount                              0x20000030   Data           4  lab4grader.o(.data)
    Period                                   0x20000034   Data           4  lab4grader.o(.data)
    M                                        0x20000038   Data           4  lab4grader.o(.data)
    M6                                       0x2000003c   Data           4  lab4grader.o(.data)
    DumpBuf                                  0x20000040   Data         200  debug.o(DATA)
    Histogram                                0x20000108   Data          64  debug.o(DATA)
    MinimumTime                              0x20000148   Data           4  debug.o(DATA)
    MaximumTime                              0x2000014c   Data           4  debug.o(DATA)
    LastTime                                 0x20000150   Data           4  debug.o(DATA)
    NowTime                                  0x20000154   Data           4  debug.o(DATA)
    Calls                                    0x20000158   Data           4  debug.o(DATA)
    N1                                       0x2000015c   Data           4  debug.o(DATA)
    N2                                       0x20000160   Data           4  debug.o(DATA)
    ElapsedTime                              0x20000168   Data           4  debug.o(DATA)
    DumpBuf2                                 0x200001f0   Data         200  lab4grader.o(.bss)
    Histogram2                               0x200002b8   Data          64  lab4grader.o(.bss)



==============================================================================

Memory Map of the image

  Image Entry point : 0x0000026d

  Load Region LR_1 (Base: 0x00000000, Size: 0x00001ab0, Max: 0xffffffff, ABSOLUTE)

    Execution Region ER_RO (Exec base: 0x00000000, Load base: 0x00000000, Size: 0x00001940, Max: 0xffffffff, ABSOLUTE)

    Exec Addr    Load Addr    Size         Type   Attr      Idx    E Section Name        Object

    0x00000000   0x00000000   0x00000284   Code   RO            3  * RESET               startup.o
    0x00000284   0x00000284   0x0000001c   Code   RO            4    .text               startup.o
    0x000002a0   0x000002a0   0x000001f0   Code   RO           13    .text               debug.o
    0x00000490   0x00000490   0x000000f0   Code   RO           17    .text               main.o
    0x00000580   0x00000580   0x0000043a   Code   RO           69    .text               uart.o
    0x000009ba   0x000009ba   0x00000002   PAD
    0x000009bc   0x000009bc   0x00000bf0   Code   RO           94    .text               lab4grader.o
    0x000015ac   0x000015ac   0x00000080   Code   RO          135    .text               c_w.l(strcmpv7m.o)
    0x0000162c   0x0000162c   0x0000007c   Code   RO           20    i.PLL_Init          pll.o
    0x000016a8   0x000016a8   0x00000018   Code   RO           42    i.Timer3A_Handler   timer3a.o
    0x000016c0   0x000016c0   0x00000060   Code   RO           43    i.Timer3A_Init      timer3a.o
    0x00001720   0x00001720   0x00000220   Data   RO           96    .constdata          lab4grader.o


    Execution Region ER_RW (Exec base: 0x20000000, Load base: 0x00001940, Size: 0x00000170, Max: 0xffffffff, ABSOLUTE)

    Exec Addr    Load Addr    Size         Type   Attr      Idx    E Section Name        Object

    0x20000000   0x00001940   0x00000004   Data   RW           45    .data               timer3a.o
    0x20000004   0x00001944   0x00000010   Data   RW           71    .data               uart.o
    0x20000014   0x00001954   0x0000002c   Data   RW           97    .data               lab4grader.o
    0x20000040   0x00001980   0x0000012c   Data   RW           12    DATA                debug.o
    0x2000016c   0x00001aac   0x00000004   Data   RW           16    DATA                main.o


    Execution Region ER_ZI (Exec base: 0x20000170, Load base: 0x00001ab0, Size: 0x00000588, Max: 0xffffffff, ABSOLUTE)

    Exec Addr    Load Addr    Size         Type   Attr      Idx    E Section Name        Object

    0x20000170        -       0x00000080   Zero   RW           70    .bss                uart.o
    0x200001f0        -       0x00000108   Zero   RW           95    .bss                lab4grader.o
    0x200002f8        -       0x00000400   Zero   RW            1    STACK               startup.o


==============================================================================

Image component sizes


      Code (inc. data)   RO Data    RW Data    ZI Data      Debug   Object Name

       496        106          0        300          0        372   debug.o
      3056        826        544         44        264      10760   lab4grader.o
       240         40          0          4          0        280   main.o
       124          4          0          0          0       4975   pll.o
       672        622          0          0       1024        956   startup.o
       120         30          0          4          0       1569   timer3a.o
      1082         48          0         16        128       5424   uart.o

    ----------------------------------------------------------------------
      5792       1676        544        368       1416      24336   Object Totals
         0          0          0          0          0          0   (incl. Generated)
         2          0          0          0          0          0   (incl. Padding)

    ----------------------------------------------------------------------

      Code (inc. data)   RO Data    RW Data    ZI Data      Debug   Library Member Name

       128          0          0          0          0         68   strcmpv7m.o

    ----------------------------------------------------------------------
       128          0          0          0          0         68   Library Totals
         0          0          0          0          0          0   (incl. Padding)

    ----------------------------------------------------------------------

      Code (inc. data)   RO Data    RW Data    ZI Data      Debug   Library Name

       128          0          0          0          0         68   c_w.l

    ----------------------------------------------------------------------
       128          0          0          0          0         68   Library Totals

    ----------------------------------------------------------------------

==============================================================================


      Code (inc. data)   RO Data    RW Data    ZI Data      Debug   

      5920       1676        544        368       1416      24040   Grand Totals
      5920       1676        544        368       1416      24040   ELF Image Totals
      5920       1676        544        368          0          0   ROM Totals

==============================================================================

    Total RO  Size (Code + RO Data)                 6464 (   6.31kB)
    Total RW  Size (RW Data + ZI Data)              1784 (   1.74kB)
    Total ROM Size (Code + RO Data + RW Data)       6832 (   6.67kB)

==============================================================================

